# situ capability map v1
# schema: entry.situ
# core:   offset size align repr atomic
#
# Core axes are always shown. Any other axis appears only where it has
# been weakened below its strongest value.
#
# Offsets are byte values, or byte:bit where a field does not start on
# a byte boundary. Sizes are bytes unless suffixed with `bit`.
#
# A struct's size is a bare number where it is fixed, `min..max` where
# it is bounded, and `min..` where nothing bounds it.

struct fzn_entry_name_record size=40..166 mutate=Shifting address=Unstable repr=ValueConverted atomic=NonAtomic
  fzn_entry_name_record.machine          offset=AbsoluteStatic(0x00) size=Fixed(16) align=Aligned(8) repr=MemoryIdentical atomic=NonAtomic
  fzn_entry_name_record.user_len         offset=AbsoluteStatic(0x10) size=Fixed(1) align=Aligned(8) repr=MemoryIdentical atomic=AtomicWord
  fzn_entry_name_record.user             offset=AbsoluteStatic(0x11) size=Bounded(1, 64) align=Aligned(1) repr=MemoryIdentical atomic=AtomicWord mutate=Shifting
  fzn_entry_name_record.program_len      offset=Dynamic size=Fixed(1) align=Unaligned repr=MemoryIdentical atomic=AtomicWord address=Unstable
  fzn_entry_name_record.program          offset=Dynamic size=Bounded(1, 64) align=Unaligned repr=MemoryIdentical atomic=AtomicWord mutate=Shifting address=Unstable
  fzn_entry_name_record.pid              offset=Dynamic size=Fixed(4) align=Unaligned repr=ValueConverted atomic=NonAtomic address=Unstable
  fzn_entry_name_record.start_ms         offset=Dynamic size=Fixed(8) align=Unaligned repr=ValueConverted atomic=NonAtomic address=Unstable
  fzn_entry_name_record.position         offset=Dynamic size=Fixed(8) align=Unaligned repr=ValueConverted atomic=NonAtomic address=Unstable

struct fzn_entry_record size=55..4672 access=Sequential mutate=Shifting address=Unstable repr=ValueConverted atomic=NonAtomic
  fzn_entry_record.version               offset=AbsoluteStatic(0x00) size=Fixed(1) align=Aligned(8) repr=MemoryIdentical atomic=AtomicWord
  fzn_entry_record.level                 offset=AbsoluteStatic(0x01) size=Fixed(1) align=Aligned(1) repr=MemoryIdentical atomic=AtomicWord
  fzn_entry_record.time_us               offset=AbsoluteStatic(0x02) size=Fixed(8) align=Aligned(2) repr=ValueConverted atomic=NonAtomic
  fzn_entry_record.name                  offset=AbsoluteStatic(0x0A) size=Bounded(40, 166) align=Aligned(2) repr=ValueConverted atomic=NonAtomic mutate=Shifting address=Unstable
  fzn_entry_record.name.machine          offset=AbsoluteStatic(0x0A) size=Fixed(16) align=Aligned(2) repr=MemoryIdentical atomic=NonAtomic
  fzn_entry_record.name.user_len         offset=AbsoluteStatic(0x1A) size=Fixed(1) align=Aligned(2) repr=MemoryIdentical atomic=AtomicWord
  fzn_entry_record.name.user             offset=AbsoluteStatic(0x1B) size=Bounded(1, 64) align=Aligned(1) repr=MemoryIdentical atomic=AtomicWord mutate=Shifting
  fzn_entry_record.name.program_len      offset=Dynamic size=Fixed(1) align=Unaligned repr=MemoryIdentical atomic=AtomicWord address=Unstable
  fzn_entry_record.name.program          offset=Dynamic size=Bounded(1, 64) align=Unaligned repr=MemoryIdentical atomic=AtomicWord mutate=Shifting address=Unstable
  fzn_entry_record.name.pid              offset=Dynamic size=Fixed(4) align=Unaligned repr=ValueConverted atomic=NonAtomic address=Unstable
  fzn_entry_record.name.start_ms         offset=Dynamic size=Fixed(8) align=Unaligned repr=ValueConverted atomic=NonAtomic address=Unstable
  fzn_entry_record.name.position         offset=Dynamic size=Fixed(8) align=Unaligned repr=ValueConverted atomic=NonAtomic address=Unstable
  fzn_entry_record.subsystem_len         offset=Dynamic size=Fixed(1) align=Unaligned repr=MemoryIdentical atomic=AtomicWord address=Unstable
  fzn_entry_record.subsystem             offset=Dynamic size=Bounded(1, 64) align=Unaligned repr=MemoryIdentical atomic=AtomicWord mutate=Shifting address=Unstable
  fzn_entry_record.cause_count           offset=Dynamic size=Fixed(1) align=Unaligned repr=MemoryIdentical atomic=AtomicWord address=Unstable
  fzn_entry_record.causes                offset=Dynamic size=Bounded(0, 332) align=Unaligned repr=MemoryIdentical atomic=NonAtomic access=Sequential mutate=Shifting address=Unstable
  fzn_entry_record.causes[]              offset=FrameStatic(0x00) size=Bounded(40, 166) align=Aligned(8) repr=ValueConverted atomic=NonAtomic access=Sequential mutate=Shifting address=Unstable
  fzn_entry_record.causes[].machine      offset=FrameStatic(0x00) size=Fixed(16) align=Aligned(8) repr=MemoryIdentical atomic=NonAtomic address=FrameStable
  fzn_entry_record.causes[].user_len     offset=FrameStatic(0x10) size=Fixed(1) align=Aligned(8) repr=MemoryIdentical atomic=AtomicWord address=FrameStable
  fzn_entry_record.causes[].user         offset=FrameStatic(0x11) size=Bounded(1, 64) align=Aligned(1) repr=MemoryIdentical atomic=AtomicWord mutate=Shifting address=FrameStable
  fzn_entry_record.causes[].program_len  offset=Dynamic size=Fixed(1) align=Unaligned repr=MemoryIdentical atomic=AtomicWord address=Unstable
  fzn_entry_record.causes[].program      offset=Dynamic size=Bounded(1, 64) align=Unaligned repr=MemoryIdentical atomic=AtomicWord mutate=Shifting address=Unstable
  fzn_entry_record.causes[].pid          offset=Dynamic size=Fixed(4) align=Unaligned repr=ValueConverted atomic=NonAtomic address=Unstable
  fzn_entry_record.causes[].start_ms     offset=Dynamic size=Fixed(8) align=Unaligned repr=ValueConverted atomic=NonAtomic address=Unstable
  fzn_entry_record.causes[].position     offset=Dynamic size=Fixed(8) align=Unaligned repr=ValueConverted atomic=NonAtomic address=Unstable
  fzn_entry_record.text_len              offset=Dynamic size=Fixed(2) align=Unaligned repr=ValueConverted atomic=NonAtomic address=Unstable
  fzn_entry_record.text                  offset=Dynamic size=Bounded(0, 4096) align=Unaligned repr=MemoryIdentical atomic=AtomicWord mutate=Shifting address=Unstable
