# situ capability map v1
# schema: gather.situ
# core:   offset size align repr atomic
#
# Core axes are always shown. Any other axis appears only where it has
# been weakened below its strongest value.
#
# Offsets are byte values, or byte:bit where a field does not start on
# a byte boundary. Sizes are bytes unless suffixed with `bit`.
#
# A struct's size is a bare number where it is fixed, `min..max` where
# it is bounded, and `min..` where nothing bounds it.

struct fzn_gather_line size=3..65537 mutate=Shifting repr=ValueConverted
  fzn_gather_line.len                    offset=AbsoluteStatic(0x00) size=Fixed(2) align=Aligned(8) repr=ValueConverted atomic=AtomicWord
  fzn_gather_line.line                   offset=AbsoluteStatic(0x02) size=Bounded(1, 65535) align=Aligned(2) repr=MemoryIdentical atomic=AtomicWord mutate=Shifting

struct fzn_gather_lines size=21..4294967316 access=Sequential mutate=Shifting repr=ValueConverted atomic=NonAtomic
  fzn_gather_lines.version               offset=AbsoluteStatic(0x00) size=Fixed(1) align=Aligned(8) repr=MemoryIdentical atomic=AtomicWord
  fzn_gather_lines.type                  offset=AbsoluteStatic(0x01) size=Fixed(1) align=Aligned(1) repr=MemoryIdentical atomic=AtomicWord
  fzn_gather_lines.done                  offset=AbsoluteStatic(0x02) size=Fixed(1) align=Aligned(2) repr=MemoryIdentical atomic=AtomicWord
  fzn_gather_lines.cursor_key            offset=AbsoluteStatic(0x03) size=Fixed(8) align=Aligned(1) repr=ValueConverted atomic=NonAtomic
  fzn_gather_lines.cursor_off            offset=AbsoluteStatic(0x0B) size=Fixed(8) align=Aligned(1) repr=ValueConverted atomic=NonAtomic
  fzn_gather_lines.count                 offset=AbsoluteStatic(0x13) size=Fixed(2) align=Aligned(1) repr=ValueConverted atomic=NonAtomic
  fzn_gather_lines.lines                 offset=AbsoluteStatic(0x15) size=Bounded(0, 4294967295) align=Aligned(1) repr=MemoryIdentical atomic=NonAtomic access=Sequential mutate=Shifting
  fzn_gather_lines.lines[]               offset=FrameStatic(0x00) size=Bounded(3, 65537) align=Aligned(8) repr=ValueConverted atomic=NonAtomic access=Sequential mutate=Shifting
  fzn_gather_lines.lines[].len           offset=FrameStatic(0x00) size=Fixed(2) align=Aligned(8) repr=ValueConverted atomic=AtomicWord
  fzn_gather_lines.lines[].line          offset=FrameStatic(0x02) size=Bounded(1, 65535) align=Aligned(2) repr=MemoryIdentical atomic=AtomicWord mutate=Shifting

struct fzn_gather_query size=37..164 mutate=Shifting address=Unstable repr=ValueConverted atomic=NonAtomic
  fzn_gather_query.version               offset=AbsoluteStatic(0x00) size=Fixed(1) align=Aligned(8) repr=MemoryIdentical atomic=AtomicWord
  fzn_gather_query.type                  offset=AbsoluteStatic(0x01) size=Fixed(1) align=Aligned(1) repr=MemoryIdentical atomic=AtomicWord
  fzn_gather_query.since_us              offset=AbsoluteStatic(0x02) size=Fixed(8) align=Aligned(2) repr=ValueConverted atomic=NonAtomic
  fzn_gather_query.until_us              offset=AbsoluteStatic(0x0A) size=Fixed(8) align=Aligned(2) repr=ValueConverted atomic=NonAtomic
  fzn_gather_query.cursor_key            offset=AbsoluteStatic(0x12) size=Fixed(8) align=Aligned(2) repr=ValueConverted atomic=NonAtomic
  fzn_gather_query.cursor_off            offset=AbsoluteStatic(0x1A) size=Fixed(8) align=Aligned(2) repr=ValueConverted atomic=NonAtomic
  fzn_gather_query.program_len           offset=AbsoluteStatic(0x22) size=Fixed(1) align=Aligned(2) repr=MemoryIdentical atomic=AtomicWord
  fzn_gather_query.program               offset=AbsoluteStatic(0x23) size=Bounded(1, 64) align=Aligned(1) repr=MemoryIdentical atomic=AtomicWord mutate=Shifting
  fzn_gather_query.match_len             offset=Dynamic size=Fixed(1) align=Unaligned repr=MemoryIdentical atomic=AtomicWord address=Unstable
  fzn_gather_query.match                 offset=Dynamic size=Bounded(0, 64) align=Unaligned repr=MemoryIdentical atomic=AtomicWord mutate=Shifting address=Unstable

struct fzn_gather_record size=57..4674 mutate=Shifting repr=ValueConverted
  fzn_gather_record.len                  offset=AbsoluteStatic(0x00) size=Fixed(2) align=Aligned(8) repr=ValueConverted atomic=AtomicWord
  fzn_gather_record.record               offset=AbsoluteStatic(0x02) size=Bounded(55, 4672) align=Aligned(2) repr=MemoryIdentical atomic=AtomicWord mutate=Shifting

struct fzn_gather_ring size=5..306310595 access=Sequential mutate=Shifting repr=ValueConverted atomic=NonAtomic
  fzn_gather_ring.version                offset=AbsoluteStatic(0x00) size=Fixed(1) align=Aligned(8) repr=MemoryIdentical atomic=AtomicWord
  fzn_gather_ring.type                   offset=AbsoluteStatic(0x01) size=Fixed(1) align=Aligned(1) repr=MemoryIdentical atomic=AtomicWord
  fzn_gather_ring.done                   offset=AbsoluteStatic(0x02) size=Fixed(1) align=Aligned(2) repr=MemoryIdentical atomic=AtomicWord
  fzn_gather_ring.count                  offset=AbsoluteStatic(0x03) size=Fixed(2) align=Aligned(1) repr=ValueConverted atomic=NonAtomic
  fzn_gather_ring.records                offset=AbsoluteStatic(0x05) size=Bounded(0, 306310590) align=Aligned(1) repr=MemoryIdentical atomic=NonAtomic access=Sequential mutate=Shifting
  fzn_gather_ring.records[]              offset=FrameStatic(0x00) size=Bounded(57, 4674) align=Aligned(8) repr=ValueConverted atomic=NonAtomic access=Sequential mutate=Shifting
  fzn_gather_ring.records[].len          offset=FrameStatic(0x00) size=Fixed(2) align=Aligned(8) repr=ValueConverted atomic=AtomicWord
  fzn_gather_ring.records[].record       offset=FrameStatic(0x02) size=Bounded(55, 4672) align=Aligned(2) repr=MemoryIdentical atomic=AtomicWord mutate=Shifting

struct fzn_gather_ring_query size=11 repr=ValueConverted atomic=NonAtomic
  fzn_gather_ring_query.version          offset=AbsoluteStatic(0x00) size=Fixed(1) align=Aligned(8) repr=MemoryIdentical atomic=AtomicWord
  fzn_gather_ring_query.type             offset=AbsoluteStatic(0x01) size=Fixed(1) align=Aligned(1) repr=MemoryIdentical atomic=AtomicWord
  fzn_gather_ring_query.started          offset=AbsoluteStatic(0x02) size=Fixed(1) align=Aligned(2) repr=MemoryIdentical atomic=AtomicWord
  fzn_gather_ring_query.after            offset=AbsoluteStatic(0x03) size=Fixed(8) align=Aligned(1) repr=ValueConverted atomic=NonAtomic
