# situ capability map v1
# schema: catalog.situ
# core:   offset size align repr atomic
#
# Core axes are always shown. Any other axis appears only where it has
# been weakened below its strongest value.
#
# Offsets are byte values, or byte:bit where a field does not start on
# a byte boundary. Sizes are bytes unless suffixed with `bit`.
#
# A struct's size is a bare number where it is fixed, `min..max` where
# it is bounded, and `min..` where nothing bounds it.

struct fzn_catalog_blob size=40 repr=ValueConverted atomic=NonAtomic
  fzn_catalog_blob.root                  offset=AbsoluteStatic(0x00) size=Fixed(32) align=Aligned(8) repr=MemoryIdentical atomic=NonAtomic
  fzn_catalog_blob.length                offset=AbsoluteStatic(0x20) size=Fixed(8) align=Aligned(8) repr=ValueConverted atomic=AtomicWord

struct fzn_catalog_content size=34.. mutate=Shifting repr=ValueConverted atomic=NonAtomic
  fzn_catalog_content.object             offset=AbsoluteStatic(0x00) size=Fixed(1) align=Aligned(8) repr=MemoryIdentical atomic=AtomicWord
  fzn_catalog_content.id                 offset=AbsoluteStatic(0x01) size=Fixed(32) align=Aligned(1) repr=MemoryIdentical atomic=NonAtomic
  fzn_catalog_content.kind               offset=AbsoluteStatic(0x21) size=Fixed(1) align=Aligned(1) repr=MemoryIdentical atomic=AtomicWord
  fzn_catalog_content.tail               offset=AbsoluteStatic(0x22) size=Unbounded align=Aligned(2) repr=MemoryIdentical atomic=NonAtomic mutate=Shifting
  fzn_catalog_content.tail.empty         offset=AbsoluteStatic(0x22) size=Fixed(0) align=Aligned(2) repr=MemoryIdentical atomic=NonAtomic
  fzn_catalog_content.tail.value         offset=AbsoluteStatic(0x22) size=Unbounded align=Aligned(2) repr=MemoryIdentical atomic=AtomicWord mutate=Shifting
  fzn_catalog_content.tail.ref           offset=AbsoluteStatic(0x22) size=Fixed(40) align=Aligned(2) repr=ValueConverted atomic=NonAtomic
  fzn_catalog_content.tail.ref.root      offset=AbsoluteStatic(0x22) size=Fixed(32) align=Aligned(2) repr=MemoryIdentical atomic=NonAtomic
  fzn_catalog_content.tail.ref.length    offset=AbsoluteStatic(0x42) size=Fixed(8) align=Aligned(2) repr=ValueConverted atomic=NonAtomic

struct fzn_catalog_content_none size=0

struct fzn_catalog_edge size=66 atomic=NonAtomic
  fzn_catalog_edge.object                offset=AbsoluteStatic(0x00) size=Fixed(1) align=Aligned(8) repr=MemoryIdentical atomic=AtomicWord
  fzn_catalog_edge.parent                offset=AbsoluteStatic(0x01) size=Fixed(32) align=Aligned(1) repr=MemoryIdentical atomic=NonAtomic
  fzn_catalog_edge.child                 offset=AbsoluteStatic(0x21) size=Fixed(32) align=Aligned(1) repr=MemoryIdentical atomic=NonAtomic
  fzn_catalog_edge.present               offset=AbsoluteStatic(0x41) size=Fixed(1) align=Aligned(1) repr=MemoryIdentical atomic=AtomicWord

struct fzn_catalog_name size=34..289 mutate=Shifting atomic=NonAtomic
  fzn_catalog_name.object                offset=AbsoluteStatic(0x00) size=Fixed(1) align=Aligned(8) repr=MemoryIdentical atomic=AtomicWord
  fzn_catalog_name.id                    offset=AbsoluteStatic(0x01) size=Fixed(32) align=Aligned(1) repr=MemoryIdentical atomic=NonAtomic
  fzn_catalog_name.len                   offset=AbsoluteStatic(0x21) size=Fixed(1) align=Aligned(1) repr=MemoryIdentical atomic=AtomicWord
  fzn_catalog_name.text                  offset=AbsoluteStatic(0x22) size=Bounded(0, 255) align=Aligned(2) repr=MemoryIdentical atomic=AtomicWord mutate=Shifting
