# situ capability map v1
# schema: line.situ
# core:   offset size align repr atomic
#
# Core axes are always shown. Any other axis appears only where it has
# been weakened below its strongest value.
#
# Offsets are byte values, or byte:bit where a field does not start on
# a byte boundary. Sizes are bytes unless suffixed with `bit`.
#
# A struct's size is a bare number where it is fixed, `min..max` where
# it is bounded, and `min..` where nothing bounds it.

struct fzn_message_line size=72.. mutate=Shifting repr=ValueConverted atomic=NonAtomic
  fzn_message_line.version               offset=AbsoluteStatic(0x00) size=Fixed(1) align=Aligned(8) repr=MemoryIdentical atomic=AtomicWord
  fzn_message_line.direction             offset=AbsoluteStatic(0x01) size=Fixed(1) align=Aligned(1) repr=MemoryIdentical atomic=AtomicWord
  fzn_message_line.part                  offset=AbsoluteStatic(0x02) size=Fixed(1) align=Aligned(2) repr=MemoryIdentical atomic=AtomicWord
  fzn_message_line.parts                 offset=AbsoluteStatic(0x03) size=Fixed(1) align=Aligned(1) repr=MemoryIdentical atomic=AtomicWord
  fzn_message_line.id                    offset=AbsoluteStatic(0x04) size=Fixed(16) align=Aligned(4) repr=MemoryIdentical atomic=NonAtomic
  fzn_message_line.stime                 offset=AbsoluteStatic(0x14) size=Fixed(8) align=Aligned(4) repr=ValueConverted atomic=NonAtomic
  fzn_message_line.epoch                 offset=AbsoluteStatic(0x1C) size=Fixed(4) align=Aligned(4) repr=ValueConverted atomic=AtomicWord
  fzn_message_line.nonce                 offset=AbsoluteStatic(0x20) size=Fixed(24) align=Aligned(8) repr=MemoryIdentical atomic=NonAtomic
  fzn_message_line.tag                   offset=AbsoluteStatic(0x38) size=Fixed(16) align=Aligned(8) repr=MemoryIdentical atomic=NonAtomic
  fzn_message_line.text                  offset=AbsoluteStatic(0x48) size=Unbounded align=Aligned(8) repr=MemoryIdentical atomic=AtomicWord mutate=Shifting

struct fzn_message_mark size=19 atomic=NonAtomic
  fzn_message_mark.version               offset=AbsoluteStatic(0x00) size=Fixed(1) align=Aligned(8) repr=MemoryIdentical atomic=AtomicWord
  fzn_message_mark.direction             offset=AbsoluteStatic(0x01) size=Fixed(1) align=Aligned(1) repr=MemoryIdentical atomic=AtomicWord
  fzn_message_mark.state                 offset=AbsoluteStatic(0x02) size=Fixed(1) align=Aligned(2) repr=MemoryIdentical atomic=AtomicWord
  fzn_message_mark.id                    offset=AbsoluteStatic(0x03) size=Fixed(16) align=Aligned(1) repr=MemoryIdentical atomic=NonAtomic
