# situ capability map v1
# schema: line.situ
# core:   offset size align repr atomic
#
# Core axes are always shown. Any other axis appears only where it has
# been weakened below its strongest value.
#
# Offsets are byte values, or byte:bit where a field does not start on
# a byte boundary. Sizes are bytes unless suffixed with `bit`.
#
# A struct's size is a bare number where it is fixed, `min..max` where
# it is bounded, and `min..` where nothing bounds it.

struct fzn_message_line size=72.. mutate=Shifting repr=ValueConverted atomic=NonAtomic
  fzn_message_line.version               offset=AbsoluteStatic(0x00) size=Fixed(1) align=Aligned(8) repr=MemoryIdentical atomic=AtomicWord
  fzn_message_line.direction             offset=AbsoluteStatic(0x01) size=Fixed(1) align=Aligned(1) repr=MemoryIdentical atomic=AtomicWord
  fzn_message_line.part                  offset=AbsoluteStatic(0x02) size=Fixed(1) align=Aligned(2) repr=MemoryIdentical atomic=AtomicWord
  fzn_message_line.parts                 offset=AbsoluteStatic(0x03) size=Fixed(1) align=Aligned(1) repr=MemoryIdentical atomic=AtomicWord
  fzn_message_line.id                    offset=AbsoluteStatic(0x04) size=Fixed(16) align=Aligned(4) repr=MemoryIdentical atomic=NonAtomic
  fzn_message_line.stime                 offset=AbsoluteStatic(0x14) size=Fixed(8) align=Aligned(4) repr=ValueConverted atomic=NonAtomic
  fzn_message_line.epoch                 offset=AbsoluteStatic(0x1C) size=Fixed(4) align=Aligned(4) repr=ValueConverted atomic=AtomicWord
  fzn_message_line.nonce                 offset=AbsoluteStatic(0x20) size=Fixed(24) align=Aligned(8) repr=MemoryIdentical atomic=NonAtomic
  fzn_message_line.tag                   offset=AbsoluteStatic(0x38) size=Fixed(16) align=Aligned(8) repr=MemoryIdentical atomic=NonAtomic
  fzn_message_line.text                  offset=AbsoluteStatic(0x48) size=Unbounded align=Aligned(8) repr=MemoryIdentical atomic=AtomicWord mutate=Shifting

struct fzn_message_mark size=19 atomic=NonAtomic
  fzn_message_mark.version               offset=AbsoluteStatic(0x00) size=Fixed(1) align=Aligned(8) repr=MemoryIdentical atomic=AtomicWord
  fzn_message_mark.direction             offset=AbsoluteStatic(0x01) size=Fixed(1) align=Aligned(1) repr=MemoryIdentical atomic=AtomicWord
  fzn_message_mark.state                 offset=AbsoluteStatic(0x02) size=Fixed(1) align=Aligned(2) repr=MemoryIdentical atomic=AtomicWord
  fzn_message_mark.id                    offset=AbsoluteStatic(0x03) size=Fixed(16) align=Aligned(1) repr=MemoryIdentical atomic=NonAtomic

struct fzn_message_read size=17 atomic=NonAtomic
  fzn_message_read.version               offset=AbsoluteStatic(0x00) size=Fixed(1) align=Aligned(8) repr=MemoryIdentical atomic=AtomicWord
  fzn_message_read.id                    offset=AbsoluteStatic(0x01) size=Fixed(16) align=Aligned(1) repr=MemoryIdentical atomic=NonAtomic

struct fzn_message_stored size=115..1655 access=Sequential mutate=Shifting address=Unstable repr=ValueConverted atomic=NonAtomic
  fzn_message_stored.version             offset=AbsoluteStatic(0x00) size=Fixed(1) align=Aligned(8) repr=MemoryIdentical atomic=AtomicWord
  fzn_message_stored.contact             offset=AbsoluteStatic(0x01) size=Fixed(32) align=Aligned(1) repr=MemoryIdentical atomic=NonAtomic
  fzn_message_stored.device              offset=AbsoluteStatic(0x21) size=Fixed(32) align=Aligned(1) repr=MemoryIdentical atomic=NonAtomic
  fzn_message_stored.seq                 offset=AbsoluteStatic(0x41) size=Fixed(8) align=Aligned(1) repr=ValueConverted atomic=NonAtomic
  fzn_message_stored.written_at          offset=AbsoluteStatic(0x49) size=Fixed(8) align=Aligned(1) repr=ValueConverted atomic=NonAtomic
  fzn_message_stored.stime               offset=AbsoluteStatic(0x51) size=Fixed(8) align=Aligned(1) repr=ValueConverted atomic=NonAtomic
  fzn_message_stored.direction           offset=AbsoluteStatic(0x59) size=Fixed(1) align=Aligned(1) repr=MemoryIdentical atomic=AtomicWord
  fzn_message_stored.id                  offset=AbsoluteStatic(0x5A) size=Fixed(16) align=Aligned(2) repr=MemoryIdentical atomic=NonAtomic
  fzn_message_stored.epoch               offset=AbsoluteStatic(0x6A) size=Fixed(4) align=Aligned(2) repr=ValueConverted atomic=NonAtomic
  fzn_message_stored.parts               offset=AbsoluteStatic(0x6E) size=Fixed(1) align=Aligned(2) repr=MemoryIdentical atomic=AtomicWord
  fzn_message_stored.opened              offset=AbsoluteStatic(0x6F) size=Fixed(1) align=Aligned(1) repr=MemoryIdentical atomic=AtomicWord
  fzn_message_stored.text_len            offset=AbsoluteStatic(0x70) size=Fixed(2) align=Aligned(8) repr=ValueConverted atomic=AtomicWord
  fzn_message_stored.text                offset=AbsoluteStatic(0x72) size=Bounded(0, 512) align=Aligned(2) repr=MemoryIdentical atomic=AtomicWord mutate=Shifting
  fzn_message_stored.held                offset=Dynamic size=Fixed(1) align=Unaligned repr=MemoryIdentical atomic=AtomicWord address=Unstable
  fzn_message_stored.sealed              offset=Dynamic size=Bounded(0, 1028) align=Unaligned repr=MemoryIdentical atomic=NonAtomic access=Sequential mutate=Shifting address=Unstable
  fzn_message_stored.sealed[]            offset=FrameStatic(0x00) size=Bounded(74, 514) align=Aligned(8) repr=ValueConverted atomic=NonAtomic access=Sequential mutate=Shifting address=FrameStable
  fzn_message_stored.sealed[].len        offset=FrameStatic(0x00) size=Fixed(2) align=Aligned(8) repr=ValueConverted atomic=AtomicWord address=FrameStable
  fzn_message_stored.sealed[].body       offset=FrameStatic(0x02) size=Bounded(72, 512) align=Aligned(2) repr=MemoryIdentical atomic=AtomicWord mutate=Shifting address=FrameStable

struct fzn_message_stored_part size=74..514 mutate=Shifting repr=ValueConverted
  fzn_message_stored_part.len            offset=AbsoluteStatic(0x00) size=Fixed(2) align=Aligned(8) repr=ValueConverted atomic=AtomicWord
  fzn_message_stored_part.body           offset=AbsoluteStatic(0x02) size=Bounded(72, 512) align=Aligned(2) repr=MemoryIdentical atomic=AtomicWord mutate=Shifting
