# situ capability map v1
# schema: sync.situ
# core:   offset size align repr atomic
#
# Core axes are always shown. Any other axis appears only where it has
# been weakened below its strongest value.
#
# Offsets are byte values, or byte:bit where a field does not start on
# a byte boundary. Sizes are bytes unless suffixed with `bit`.
#
# A struct's size is a bare number where it is fixed, `min..max` where
# it is bounded, and `min..` where nothing bounds it.

struct fzn_notes_sync_claim size=40 repr=ValueConverted atomic=NonAtomic
  fzn_notes_sync_claim.key               offset=AbsoluteStatic(0x00) size=Fixed(32) align=Aligned(8) repr=MemoryIdentical atomic=NonAtomic
  fzn_notes_sync_claim.seq               offset=AbsoluteStatic(0x20) size=Fixed(8) align=Aligned(8) repr=ValueConverted atomic=AtomicWord

struct fzn_notes_sync_give size=3..1027 mutate=Shifting atomic=NonAtomic
  fzn_notes_sync_give.version            offset=AbsoluteStatic(0x00) size=Fixed(1) align=Aligned(8) repr=MemoryIdentical atomic=AtomicWord
  fzn_notes_sync_give.type               offset=AbsoluteStatic(0x01) size=Fixed(1) align=Aligned(1) repr=MemoryIdentical atomic=AtomicWord
  fzn_notes_sync_give.count              offset=AbsoluteStatic(0x02) size=Fixed(1) align=Aligned(2) repr=MemoryIdentical atomic=AtomicWord
  fzn_notes_sync_give.keys               offset=AbsoluteStatic(0x03) size=Bounded(0, 1024) align=Aligned(1) repr=MemoryIdentical atomic=NonAtomic mutate=Shifting
  fzn_notes_sync_give.keys[]             offset=FrameStatic(0x00) size=Fixed(64) align=Aligned(8) repr=MemoryIdentical atomic=NonAtomic
  fzn_notes_sync_give.keys[].id          offset=FrameStatic(0x00) size=Fixed(32) align=Aligned(8) repr=MemoryIdentical atomic=NonAtomic
  fzn_notes_sync_give.keys[].key         offset=FrameStatic(0x20) size=Fixed(32) align=Aligned(8) repr=MemoryIdentical atomic=NonAtomic

struct fzn_notes_sync_given size=3
  fzn_notes_sync_given.version           offset=AbsoluteStatic(0x00) size=Fixed(1) align=Aligned(8) repr=MemoryIdentical atomic=AtomicWord
  fzn_notes_sync_given.type              offset=AbsoluteStatic(0x01) size=Fixed(1) align=Aligned(1) repr=MemoryIdentical atomic=AtomicWord
  fzn_notes_sync_given.taken             offset=AbsoluteStatic(0x02) size=Fixed(1) align=Aligned(2) repr=MemoryIdentical atomic=AtomicWord

struct fzn_notes_sync_hop size=179 atomic=NonAtomic
  fzn_notes_sync_hop.bytes               offset=AbsoluteStatic(0x00) size=Fixed(179) align=Aligned(8) repr=MemoryIdentical atomic=NonAtomic

struct fzn_notes_sync_index size=8..10248 mutate=Shifting repr=ValueConverted atomic=NonAtomic
  fzn_notes_sync_index.version           offset=AbsoluteStatic(0x00) size=Fixed(1) align=Aligned(8) repr=MemoryIdentical atomic=AtomicWord
  fzn_notes_sync_index.type              offset=AbsoluteStatic(0x01) size=Fixed(1) align=Aligned(1) repr=MemoryIdentical atomic=AtomicWord
  fzn_notes_sync_index.total             offset=AbsoluteStatic(0x02) size=Fixed(2) align=Aligned(2) repr=ValueConverted atomic=AtomicWord
  fzn_notes_sync_index.from              offset=AbsoluteStatic(0x04) size=Fixed(2) align=Aligned(4) repr=ValueConverted atomic=AtomicWord
  fzn_notes_sync_index.count             offset=AbsoluteStatic(0x06) size=Fixed(2) align=Aligned(2) repr=ValueConverted atomic=AtomicWord
  fzn_notes_sync_index.claims            offset=AbsoluteStatic(0x08) size=Bounded(0, 10240) align=Aligned(8) repr=MemoryIdentical atomic=NonAtomic mutate=Shifting
  fzn_notes_sync_index.claims[]          offset=FrameStatic(0x00) size=Fixed(40) align=Aligned(8) repr=ValueConverted atomic=NonAtomic
  fzn_notes_sync_index.claims[].key      offset=FrameStatic(0x00) size=Fixed(32) align=Aligned(8) repr=MemoryIdentical atomic=NonAtomic
  fzn_notes_sync_index.claims[].seq      offset=FrameStatic(0x20) size=Fixed(8) align=Aligned(8) repr=ValueConverted atomic=AtomicWord

struct fzn_notes_sync_index_query size=4 repr=ValueConverted
  fzn_notes_sync_index_query.version     offset=AbsoluteStatic(0x00) size=Fixed(1) align=Aligned(8) repr=MemoryIdentical atomic=AtomicWord
  fzn_notes_sync_index_query.type        offset=AbsoluteStatic(0x01) size=Fixed(1) align=Aligned(1) repr=MemoryIdentical atomic=AtomicWord
  fzn_notes_sync_index_query.from        offset=AbsoluteStatic(0x02) size=Fixed(2) align=Aligned(2) repr=ValueConverted atomic=AtomicWord

struct fzn_notes_sync_key size=32 atomic=NonAtomic
  fzn_notes_sync_key.key                 offset=AbsoluteStatic(0x00) size=Fixed(32) align=Aligned(8) repr=MemoryIdentical atomic=NonAtomic

struct fzn_notes_sync_lacks size=3..515 mutate=Shifting atomic=NonAtomic
  fzn_notes_sync_lacks.version           offset=AbsoluteStatic(0x00) size=Fixed(1) align=Aligned(8) repr=MemoryIdentical atomic=AtomicWord
  fzn_notes_sync_lacks.type              offset=AbsoluteStatic(0x01) size=Fixed(1) align=Aligned(1) repr=MemoryIdentical atomic=AtomicWord
  fzn_notes_sync_lacks.count             offset=AbsoluteStatic(0x02) size=Fixed(1) align=Aligned(2) repr=MemoryIdentical atomic=AtomicWord
  fzn_notes_sync_lacks.ids               offset=AbsoluteStatic(0x03) size=Bounded(0, 512) align=Aligned(1) repr=MemoryIdentical atomic=NonAtomic mutate=Shifting
  fzn_notes_sync_lacks.ids[]             offset=FrameStatic(0x00) size=Fixed(32) align=Aligned(8) repr=MemoryIdentical atomic=NonAtomic
  fzn_notes_sync_lacks.ids[].id          offset=FrameStatic(0x00) size=Fixed(32) align=Aligned(8) repr=MemoryIdentical atomic=NonAtomic

struct fzn_notes_sync_lacks_query size=2
  fzn_notes_sync_lacks_query.version     offset=AbsoluteStatic(0x00) size=Fixed(1) align=Aligned(8) repr=MemoryIdentical atomic=AtomicWord
  fzn_notes_sync_lacks_query.type        offset=AbsoluteStatic(0x01) size=Fixed(1) align=Aligned(1) repr=MemoryIdentical atomic=AtomicWord

struct fzn_notes_sync_member size=212..1465 mutate=Shifting atomic=NonAtomic
  fzn_notes_sync_member.key              offset=AbsoluteStatic(0x00) size=Fixed(32) align=Aligned(8) repr=MemoryIdentical atomic=NonAtomic
  fzn_notes_sync_member.hop_count        offset=AbsoluteStatic(0x20) size=Fixed(1) align=Aligned(8) repr=MemoryIdentical atomic=AtomicWord
  fzn_notes_sync_member.hops             offset=AbsoluteStatic(0x21) size=Bounded(179, 1432) align=Aligned(1) repr=MemoryIdentical atomic=NonAtomic mutate=Shifting
  fzn_notes_sync_member.hops[]           offset=FrameStatic(0x00) size=Fixed(179) align=Aligned(8) repr=MemoryIdentical atomic=NonAtomic
  fzn_notes_sync_member.hops[].bytes     offset=FrameStatic(0x00) size=Fixed(179) align=Aligned(8) repr=MemoryIdentical atomic=NonAtomic

struct fzn_notes_sync_members size=7..373582 access=Sequential mutate=Shifting repr=ValueConverted atomic=NonAtomic
  fzn_notes_sync_members.version         offset=AbsoluteStatic(0x00) size=Fixed(1) align=Aligned(8) repr=MemoryIdentical atomic=AtomicWord
  fzn_notes_sync_members.type            offset=AbsoluteStatic(0x01) size=Fixed(1) align=Aligned(1) repr=MemoryIdentical atomic=AtomicWord
  fzn_notes_sync_members.total           offset=AbsoluteStatic(0x02) size=Fixed(2) align=Aligned(2) repr=ValueConverted atomic=AtomicWord
  fzn_notes_sync_members.from            offset=AbsoluteStatic(0x04) size=Fixed(2) align=Aligned(4) repr=ValueConverted atomic=AtomicWord
  fzn_notes_sync_members.count           offset=AbsoluteStatic(0x06) size=Fixed(1) align=Aligned(2) repr=MemoryIdentical atomic=AtomicWord
  fzn_notes_sync_members.members         offset=AbsoluteStatic(0x07) size=Bounded(0, 373575) align=Aligned(1) repr=MemoryIdentical atomic=NonAtomic access=Sequential mutate=Shifting
  fzn_notes_sync_members.members[]       offset=FrameStatic(0x00) size=Bounded(212, 1465) align=Aligned(8) repr=MemoryIdentical atomic=NonAtomic access=Sequential mutate=Shifting
  fzn_notes_sync_members.members[].key   offset=FrameStatic(0x00) size=Fixed(32) align=Aligned(8) repr=MemoryIdentical atomic=NonAtomic
  fzn_notes_sync_members.members[].hop_count offset=FrameStatic(0x20) size=Fixed(1) align=Aligned(8) repr=MemoryIdentical atomic=AtomicWord
  fzn_notes_sync_members.members[].hops  offset=FrameStatic(0x21) size=Bounded(179, 1432) align=Aligned(1) repr=MemoryIdentical atomic=NonAtomic mutate=Shifting
  fzn_notes_sync_members.members[].hops[] offset=FrameStatic(0x00) size=Fixed(179) align=Aligned(8) repr=MemoryIdentical atomic=NonAtomic
  fzn_notes_sync_members.members[].hops[].bytes offset=FrameStatic(0x00) size=Fixed(179) align=Aligned(8) repr=MemoryIdentical atomic=NonAtomic

struct fzn_notes_sync_members_query size=4 repr=ValueConverted
  fzn_notes_sync_members_query.version   offset=AbsoluteStatic(0x00) size=Fixed(1) align=Aligned(8) repr=MemoryIdentical atomic=AtomicWord
  fzn_notes_sync_members_query.type      offset=AbsoluteStatic(0x01) size=Fixed(1) align=Aligned(1) repr=MemoryIdentical atomic=AtomicWord
  fzn_notes_sync_members_query.from      offset=AbsoluteStatic(0x02) size=Fixed(2) align=Aligned(2) repr=ValueConverted atomic=AtomicWord

struct fzn_notes_sync_note_id size=32 atomic=NonAtomic
  fzn_notes_sync_note_id.id              offset=AbsoluteStatic(0x00) size=Fixed(32) align=Aligned(8) repr=MemoryIdentical atomic=NonAtomic

struct fzn_notes_sync_purge size=34 atomic=NonAtomic
  fzn_notes_sync_purge.version           offset=AbsoluteStatic(0x00) size=Fixed(1) align=Aligned(8) repr=MemoryIdentical atomic=AtomicWord
  fzn_notes_sync_purge.type              offset=AbsoluteStatic(0x01) size=Fixed(1) align=Aligned(1) repr=MemoryIdentical atomic=AtomicWord
  fzn_notes_sync_purge.id                offset=AbsoluteStatic(0x02) size=Fixed(32) align=Aligned(2) repr=MemoryIdentical atomic=NonAtomic

struct fzn_notes_sync_purge_ack size=35 atomic=NonAtomic
  fzn_notes_sync_purge_ack.version       offset=AbsoluteStatic(0x00) size=Fixed(1) align=Aligned(8) repr=MemoryIdentical atomic=AtomicWord
  fzn_notes_sync_purge_ack.type          offset=AbsoluteStatic(0x01) size=Fixed(1) align=Aligned(1) repr=MemoryIdentical atomic=AtomicWord
  fzn_notes_sync_purge_ack.id            offset=AbsoluteStatic(0x02) size=Fixed(32) align=Aligned(2) repr=MemoryIdentical atomic=NonAtomic
  fzn_notes_sync_purge_ack.erased        offset=AbsoluteStatic(0x22) size=Fixed(1) align=Aligned(2) repr=MemoryIdentical atomic=AtomicWord

struct fzn_notes_sync_purges size=3..515 mutate=Shifting atomic=NonAtomic
  fzn_notes_sync_purges.version          offset=AbsoluteStatic(0x00) size=Fixed(1) align=Aligned(8) repr=MemoryIdentical atomic=AtomicWord
  fzn_notes_sync_purges.type             offset=AbsoluteStatic(0x01) size=Fixed(1) align=Aligned(1) repr=MemoryIdentical atomic=AtomicWord
  fzn_notes_sync_purges.count            offset=AbsoluteStatic(0x02) size=Fixed(1) align=Aligned(2) repr=MemoryIdentical atomic=AtomicWord
  fzn_notes_sync_purges.ids              offset=AbsoluteStatic(0x03) size=Bounded(0, 512) align=Aligned(1) repr=MemoryIdentical atomic=NonAtomic mutate=Shifting
  fzn_notes_sync_purges.ids[]            offset=FrameStatic(0x00) size=Fixed(32) align=Aligned(8) repr=MemoryIdentical atomic=NonAtomic
  fzn_notes_sync_purges.ids[].id         offset=FrameStatic(0x00) size=Fixed(32) align=Aligned(8) repr=MemoryIdentical atomic=NonAtomic

struct fzn_notes_sync_purges_query size=2
  fzn_notes_sync_purges_query.version    offset=AbsoluteStatic(0x00) size=Fixed(1) align=Aligned(8) repr=MemoryIdentical atomic=AtomicWord
  fzn_notes_sync_purges_query.type       offset=AbsoluteStatic(0x01) size=Fixed(1) align=Aligned(1) repr=MemoryIdentical atomic=AtomicWord

struct fzn_notes_sync_record size=3..670 mutate=Shifting repr=ValueConverted
  fzn_notes_sync_record.len              offset=AbsoluteStatic(0x00) size=Fixed(2) align=Aligned(8) repr=ValueConverted atomic=AtomicWord
  fzn_notes_sync_record.record           offset=AbsoluteStatic(0x02) size=Bounded(1, 668) align=Aligned(2) repr=MemoryIdentical atomic=AtomicWord mutate=Shifting

struct fzn_notes_sync_records size=3..10723 access=Sequential mutate=Shifting repr=ValueConverted atomic=NonAtomic
  fzn_notes_sync_records.version         offset=AbsoluteStatic(0x00) size=Fixed(1) align=Aligned(8) repr=MemoryIdentical atomic=AtomicWord
  fzn_notes_sync_records.type            offset=AbsoluteStatic(0x01) size=Fixed(1) align=Aligned(1) repr=MemoryIdentical atomic=AtomicWord
  fzn_notes_sync_records.count           offset=AbsoluteStatic(0x02) size=Fixed(1) align=Aligned(2) repr=MemoryIdentical atomic=AtomicWord
  fzn_notes_sync_records.records         offset=AbsoluteStatic(0x03) size=Bounded(0, 10720) align=Aligned(1) repr=MemoryIdentical atomic=NonAtomic access=Sequential mutate=Shifting
  fzn_notes_sync_records.records[]       offset=FrameStatic(0x00) size=Bounded(3, 670) align=Aligned(8) repr=ValueConverted atomic=NonAtomic access=Sequential mutate=Shifting
  fzn_notes_sync_records.records[].len   offset=FrameStatic(0x00) size=Fixed(2) align=Aligned(8) repr=ValueConverted atomic=AtomicWord
  fzn_notes_sync_records.records[].record offset=FrameStatic(0x02) size=Bounded(1, 668) align=Aligned(2) repr=MemoryIdentical atomic=AtomicWord mutate=Shifting

struct fzn_notes_sync_records_query size=35..515 mutate=Shifting atomic=NonAtomic
  fzn_notes_sync_records_query.version   offset=AbsoluteStatic(0x00) size=Fixed(1) align=Aligned(8) repr=MemoryIdentical atomic=AtomicWord
  fzn_notes_sync_records_query.type      offset=AbsoluteStatic(0x01) size=Fixed(1) align=Aligned(1) repr=MemoryIdentical atomic=AtomicWord
  fzn_notes_sync_records_query.count     offset=AbsoluteStatic(0x02) size=Fixed(1) align=Aligned(2) repr=MemoryIdentical atomic=AtomicWord
  fzn_notes_sync_records_query.keys      offset=AbsoluteStatic(0x03) size=Bounded(32, 512) align=Aligned(1) repr=MemoryIdentical atomic=NonAtomic mutate=Shifting
  fzn_notes_sync_records_query.keys[]    offset=FrameStatic(0x00) size=Fixed(32) align=Aligned(8) repr=MemoryIdentical atomic=NonAtomic
  fzn_notes_sync_records_query.keys[].key offset=FrameStatic(0x00) size=Fixed(32) align=Aligned(8) repr=MemoryIdentical atomic=NonAtomic

struct fzn_notes_sync_text_push size=42.. mutate=Shifting repr=ValueConverted atomic=NonAtomic
  fzn_notes_sync_text_push.version       offset=AbsoluteStatic(0x00) size=Fixed(1) align=Aligned(8) repr=MemoryIdentical atomic=AtomicWord
  fzn_notes_sync_text_push.type          offset=AbsoluteStatic(0x01) size=Fixed(1) align=Aligned(1) repr=MemoryIdentical atomic=AtomicWord
  fzn_notes_sync_text_push.root          offset=AbsoluteStatic(0x02) size=Fixed(32) align=Aligned(2) repr=MemoryIdentical atomic=NonAtomic
  fzn_notes_sync_text_push.length        offset=AbsoluteStatic(0x22) size=Fixed(8) align=Aligned(2) repr=ValueConverted atomic=NonAtomic
  fzn_notes_sync_text_push.data          offset=AbsoluteStatic(0x2A) size=Unbounded align=Aligned(2) repr=MemoryIdentical atomic=AtomicWord mutate=Shifting

struct fzn_notes_sync_text_pushed size=3
  fzn_notes_sync_text_pushed.version     offset=AbsoluteStatic(0x00) size=Fixed(1) align=Aligned(8) repr=MemoryIdentical atomic=AtomicWord
  fzn_notes_sync_text_pushed.type        offset=AbsoluteStatic(0x01) size=Fixed(1) align=Aligned(1) repr=MemoryIdentical atomic=AtomicWord
  fzn_notes_sync_text_pushed.outcome     offset=AbsoluteStatic(0x02) size=Fixed(1) align=Aligned(2) repr=MemoryIdentical atomic=AtomicWord

struct fzn_notes_sync_wrap size=64 atomic=NonAtomic
  fzn_notes_sync_wrap.id                 offset=AbsoluteStatic(0x00) size=Fixed(32) align=Aligned(8) repr=MemoryIdentical atomic=NonAtomic
  fzn_notes_sync_wrap.key                offset=AbsoluteStatic(0x20) size=Fixed(32) align=Aligned(8) repr=MemoryIdentical atomic=NonAtomic

struct fzn_notes_sync_wraps size=3..1027 mutate=Shifting atomic=NonAtomic
  fzn_notes_sync_wraps.version           offset=AbsoluteStatic(0x00) size=Fixed(1) align=Aligned(8) repr=MemoryIdentical atomic=AtomicWord
  fzn_notes_sync_wraps.type              offset=AbsoluteStatic(0x01) size=Fixed(1) align=Aligned(1) repr=MemoryIdentical atomic=AtomicWord
  fzn_notes_sync_wraps.count             offset=AbsoluteStatic(0x02) size=Fixed(1) align=Aligned(2) repr=MemoryIdentical atomic=AtomicWord
  fzn_notes_sync_wraps.keys              offset=AbsoluteStatic(0x03) size=Bounded(0, 1024) align=Aligned(1) repr=MemoryIdentical atomic=NonAtomic mutate=Shifting
  fzn_notes_sync_wraps.keys[]            offset=FrameStatic(0x00) size=Fixed(64) align=Aligned(8) repr=MemoryIdentical atomic=NonAtomic
  fzn_notes_sync_wraps.keys[].id         offset=FrameStatic(0x00) size=Fixed(32) align=Aligned(8) repr=MemoryIdentical atomic=NonAtomic
  fzn_notes_sync_wraps.keys[].key        offset=FrameStatic(0x20) size=Fixed(32) align=Aligned(8) repr=MemoryIdentical atomic=NonAtomic

struct fzn_notes_sync_wraps_query size=3..515 mutate=Shifting atomic=NonAtomic
  fzn_notes_sync_wraps_query.version     offset=AbsoluteStatic(0x00) size=Fixed(1) align=Aligned(8) repr=MemoryIdentical atomic=AtomicWord
  fzn_notes_sync_wraps_query.type        offset=AbsoluteStatic(0x01) size=Fixed(1) align=Aligned(1) repr=MemoryIdentical atomic=AtomicWord
  fzn_notes_sync_wraps_query.count       offset=AbsoluteStatic(0x02) size=Fixed(1) align=Aligned(2) repr=MemoryIdentical atomic=AtomicWord
  fzn_notes_sync_wraps_query.ids         offset=AbsoluteStatic(0x03) size=Bounded(0, 512) align=Aligned(1) repr=MemoryIdentical atomic=NonAtomic mutate=Shifting
  fzn_notes_sync_wraps_query.ids[]       offset=FrameStatic(0x00) size=Fixed(32) align=Aligned(8) repr=MemoryIdentical atomic=NonAtomic
  fzn_notes_sync_wraps_query.ids[].id    offset=FrameStatic(0x00) size=Fixed(32) align=Aligned(8) repr=MemoryIdentical atomic=NonAtomic

struct fzn_notes_sync_writer size=32 atomic=NonAtomic
  fzn_notes_sync_writer.key              offset=AbsoluteStatic(0x00) size=Fixed(32) align=Aligned(8) repr=MemoryIdentical atomic=NonAtomic

struct fzn_notes_sync_writers size=3..2051 mutate=Shifting atomic=NonAtomic
  fzn_notes_sync_writers.version         offset=AbsoluteStatic(0x00) size=Fixed(1) align=Aligned(8) repr=MemoryIdentical atomic=AtomicWord
  fzn_notes_sync_writers.type            offset=AbsoluteStatic(0x01) size=Fixed(1) align=Aligned(1) repr=MemoryIdentical atomic=AtomicWord
  fzn_notes_sync_writers.count           offset=AbsoluteStatic(0x02) size=Fixed(1) align=Aligned(2) repr=MemoryIdentical atomic=AtomicWord
  fzn_notes_sync_writers.writers         offset=AbsoluteStatic(0x03) size=Bounded(0, 2048) align=Aligned(1) repr=MemoryIdentical atomic=NonAtomic mutate=Shifting
  fzn_notes_sync_writers.writers[]       offset=FrameStatic(0x00) size=Fixed(32) align=Aligned(8) repr=MemoryIdentical atomic=NonAtomic
  fzn_notes_sync_writers.writers[].key   offset=FrameStatic(0x00) size=Fixed(32) align=Aligned(8) repr=MemoryIdentical atomic=NonAtomic

struct fzn_notes_sync_writers_query size=2
  fzn_notes_sync_writers_query.version   offset=AbsoluteStatic(0x00) size=Fixed(1) align=Aligned(8) repr=MemoryIdentical atomic=AtomicWord
  fzn_notes_sync_writers_query.type      offset=AbsoluteStatic(0x01) size=Fixed(1) align=Aligned(1) repr=MemoryIdentical atomic=AtomicWord
