# situ capability map v1
# schema: persist.situ
# core:   offset size align repr atomic
#
# Core axes are always shown. Any other axis appears only where it has
# been weakened below its strongest value.
#
# Offsets are byte values, or byte:bit where a field does not start on
# a byte boundary. Sizes are bytes unless suffixed with `bit`.
#
# A struct's size is a bare number where it is fixed, `min..max` where
# it is bounded, and `min..` where nothing bounds it.

struct fzn_persist_admin_confirm_body size=131..1384 mutate=Shifting atomic=NonAtomic effect=EffectOnWrite
  fzn_persist_admin_confirm_body.record  offset=AbsoluteStatic(0x00) size=Fixed(130) align=Aligned(8) repr=MemoryIdentical atomic=NonAtomic effect=EffectOnWrite
  fzn_persist_admin_confirm_body.hop_count offset=AbsoluteStatic(0x82) size=Fixed(1) align=Aligned(2) repr=MemoryIdentical atomic=AtomicWord effect=EffectOnWrite
  fzn_persist_admin_confirm_body.hops    offset=AbsoluteStatic(0x83) size=Bounded(0, 1253) align=Aligned(1) repr=MemoryIdentical atomic=NonAtomic mutate=Shifting effect=EffectOnWrite
  fzn_persist_admin_confirm_body.hops[]  offset=FrameStatic(0x00) size=Fixed(179) align=Aligned(8) repr=MemoryIdentical atomic=NonAtomic effect=EffectOnWrite
  fzn_persist_admin_confirm_body.hops[].bytes offset=FrameStatic(0x00) size=Fixed(179) align=Aligned(8) repr=MemoryIdentical atomic=NonAtomic effect=EffectOnWrite

struct fzn_persist_admin_retention_body size=438..1512 mutate=Shifting atomic=NonAtomic effect=EffectOnWrite
  fzn_persist_admin_retention_body.record offset=AbsoluteStatic(0x00) size=Fixed(258) align=Aligned(8) repr=MemoryIdentical atomic=NonAtomic effect=EffectOnWrite
  fzn_persist_admin_retention_body.hop_count offset=AbsoluteStatic(0x102) size=Fixed(1) align=Aligned(2) repr=MemoryIdentical atomic=AtomicWord effect=EffectOnWrite
  fzn_persist_admin_retention_body.hops  offset=AbsoluteStatic(0x103) size=Bounded(179, 1253) align=Aligned(1) repr=MemoryIdentical atomic=NonAtomic mutate=Shifting effect=EffectOnWrite
  fzn_persist_admin_retention_body.hops[] offset=FrameStatic(0x00) size=Fixed(179) align=Aligned(8) repr=MemoryIdentical atomic=NonAtomic effect=EffectOnWrite
  fzn_persist_admin_retention_body.hops[].bytes offset=FrameStatic(0x00) size=Fixed(179) align=Aligned(8) repr=MemoryIdentical atomic=NonAtomic effect=EffectOnWrite

struct fzn_persist_blob size=2.. mutate=Shifting address=Unstable repr=ValueConverted atomic=NonAtomic effect=EffectOnWrite
  fzn_persist_blob.version               offset=AbsoluteStatic(0x00) size=Fixed(1) align=Aligned(8) repr=MemoryIdentical atomic=AtomicWord effect=EffectOnWrite
  fzn_persist_blob.tag                   offset=AbsoluteStatic(0x01) size=Fixed(1) align=Aligned(1) repr=MemoryIdentical atomic=AtomicWord effect=EffectOnWrite
  fzn_persist_blob.body                  offset=AbsoluteStatic(0x02) size=Unbounded align=Aligned(2) repr=MemoryIdentical atomic=NonAtomic mutate=Shifting effect=EffectOnWrite
  fzn_persist_blob.body.trust            offset=AbsoluteStatic(0x02) size=Fixed(41) align=Aligned(2) repr=ValueConverted atomic=NonAtomic effect=EffectOnWrite
  fzn_persist_blob.body.trust.root       offset=AbsoluteStatic(0x02) size=Fixed(32) align=Aligned(2) repr=MemoryIdentical atomic=NonAtomic effect=EffectOnWrite
  fzn_persist_blob.body.trust.source     offset=AbsoluteStatic(0x22) size=Fixed(1) align=Aligned(2) repr=MemoryIdentical atomic=AtomicWord effect=EffectOnWrite
  fzn_persist_blob.body.trust.adopted_at offset=AbsoluteStatic(0x23) size=Fixed(8) align=Aligned(1) repr=ValueConverted atomic=NonAtomic effect=EffectOnWrite
  fzn_persist_blob.body.secret           offset=AbsoluteStatic(0x02) size=Fixed(40) align=Aligned(2) repr=ValueConverted atomic=NonAtomic effect=EffectOnWrite
  fzn_persist_blob.body.secret.secret    offset=AbsoluteStatic(0x02) size=Fixed(32) align=Aligned(2) repr=MemoryIdentical atomic=NonAtomic effect=EffectOnWrite
  fzn_persist_blob.body.secret.generation offset=AbsoluteStatic(0x22) size=Fixed(8) align=Aligned(2) repr=ValueConverted atomic=NonAtomic effect=EffectOnWrite
  fzn_persist_blob.body.peer             offset=AbsoluteStatic(0x02) size=Fixed(81) align=Aligned(2) repr=ValueConverted atomic=NonAtomic effect=EffectOnWrite
  fzn_persist_blob.body.peer.trust       offset=AbsoluteStatic(0x02) size=Fixed(41) align=Aligned(2) repr=ValueConverted atomic=NonAtomic effect=EffectOnWrite
  fzn_persist_blob.body.peer.trust.root  offset=AbsoluteStatic(0x02) size=Fixed(32) align=Aligned(2) repr=MemoryIdentical atomic=NonAtomic effect=EffectOnWrite
  fzn_persist_blob.body.peer.trust.source offset=AbsoluteStatic(0x22) size=Fixed(1) align=Aligned(2) repr=MemoryIdentical atomic=AtomicWord effect=EffectOnWrite
  fzn_persist_blob.body.peer.trust.adopted_at offset=AbsoluteStatic(0x23) size=Fixed(8) align=Aligned(1) repr=ValueConverted atomic=NonAtomic effect=EffectOnWrite
  fzn_persist_blob.body.peer.prekey      offset=AbsoluteStatic(0x2B) size=Fixed(32) align=Aligned(1) repr=MemoryIdentical atomic=NonAtomic effect=EffectOnWrite
  fzn_persist_blob.body.peer.created_at  offset=AbsoluteStatic(0x4B) size=Fixed(8) align=Aligned(1) repr=ValueConverted atomic=NonAtomic effect=EffectOnWrite
  fzn_persist_blob.body.chain            offset=AbsoluteStatic(0x02) size=Fixed(40) align=Aligned(2) repr=ValueConverted atomic=NonAtomic effect=EffectOnWrite
  fzn_persist_blob.body.chain.key        offset=AbsoluteStatic(0x02) size=Fixed(32) align=Aligned(2) repr=MemoryIdentical atomic=NonAtomic effect=EffectOnWrite
  fzn_persist_blob.body.chain.seq        offset=AbsoluteStatic(0x22) size=Fixed(8) align=Aligned(2) repr=ValueConverted atomic=NonAtomic effect=EffectOnWrite
  fzn_persist_blob.body.node_peer        offset=AbsoluteStatic(0x02) size=Bounded(97, 1529) align=Aligned(2) repr=MemoryIdentical atomic=NonAtomic mutate=Shifting effect=EffectOnWrite
  fzn_persist_blob.body.node_peer.sender offset=AbsoluteStatic(0x02) size=Fixed(32) align=Aligned(2) repr=MemoryIdentical atomic=NonAtomic effect=EffectOnWrite
  fzn_persist_blob.body.node_peer.recv_key offset=AbsoluteStatic(0x22) size=Fixed(32) align=Aligned(2) repr=MemoryIdentical atomic=NonAtomic effect=EffectOnWrite
  fzn_persist_blob.body.node_peer.recv_ckey offset=AbsoluteStatic(0x42) size=Fixed(32) align=Aligned(2) repr=MemoryIdentical atomic=NonAtomic effect=EffectOnWrite
  fzn_persist_blob.body.node_peer.hop_count offset=AbsoluteStatic(0x62) size=Fixed(1) align=Aligned(2) repr=MemoryIdentical atomic=AtomicWord effect=EffectOnWrite
  fzn_persist_blob.body.node_peer.hops   offset=AbsoluteStatic(0x63) size=Bounded(0, 1432) align=Aligned(1) repr=MemoryIdentical atomic=NonAtomic mutate=Shifting effect=EffectOnWrite
  fzn_persist_blob.body.node_peer.hops[] offset=FrameStatic(0x02) size=Fixed(179) align=Aligned(2) repr=MemoryIdentical atomic=NonAtomic effect=EffectOnWrite
  fzn_persist_blob.body.node_peer.hops[].bytes offset=FrameStatic(0x02) size=Fixed(179) align=Aligned(2) repr=MemoryIdentical atomic=NonAtomic effect=EffectOnWrite
  fzn_persist_blob.body.identity         offset=AbsoluteStatic(0x02) size=Fixed(32) align=Aligned(2) repr=MemoryIdentical atomic=NonAtomic effect=EffectOnWrite
  fzn_persist_blob.body.identity.seed    offset=AbsoluteStatic(0x02) size=Fixed(32) align=Aligned(2) repr=MemoryIdentical atomic=NonAtomic effect=EffectOnWrite
  fzn_persist_blob.body.pairing          offset=AbsoluteStatic(0x02) size=Bounded(308, 1561) align=Aligned(2) repr=MemoryIdentical atomic=NonAtomic mutate=Shifting effect=EffectOnWrite
  fzn_persist_blob.body.pairing.node     offset=AbsoluteStatic(0x02) size=Fixed(32) align=Aligned(2) repr=MemoryIdentical atomic=NonAtomic effect=EffectOnWrite
  fzn_persist_blob.body.pairing.capability offset=AbsoluteStatic(0x22) size=Fixed(32) align=Aligned(2) repr=MemoryIdentical atomic=NonAtomic effect=EffectOnWrite
  fzn_persist_blob.body.pairing.send_key offset=AbsoluteStatic(0x42) size=Fixed(32) align=Aligned(2) repr=MemoryIdentical atomic=NonAtomic effect=EffectOnWrite
  fzn_persist_blob.body.pairing.send_ckey offset=AbsoluteStatic(0x62) size=Fixed(32) align=Aligned(2) repr=MemoryIdentical atomic=NonAtomic effect=EffectOnWrite
  fzn_persist_blob.body.pairing.hop_count offset=AbsoluteStatic(0x82) size=Fixed(1) align=Aligned(2) repr=MemoryIdentical atomic=AtomicWord effect=EffectOnWrite
  fzn_persist_blob.body.pairing.chain    offset=AbsoluteStatic(0x83) size=Bounded(179, 1432) align=Aligned(1) repr=MemoryIdentical atomic=NonAtomic mutate=Shifting effect=EffectOnWrite
  fzn_persist_blob.body.pairing.chain[]  offset=FrameStatic(0x02) size=Fixed(179) align=Aligned(2) repr=MemoryIdentical atomic=NonAtomic effect=EffectOnWrite
  fzn_persist_blob.body.pairing.chain[].bytes offset=FrameStatic(0x02) size=Fixed(179) align=Aligned(2) repr=MemoryIdentical atomic=NonAtomic effect=EffectOnWrite
  fzn_persist_blob.body.revocation       offset=AbsoluteStatic(0x02) size=Fixed(242) align=Aligned(2) repr=MemoryIdentical atomic=NonAtomic effect=EffectOnWrite
  fzn_persist_blob.body.revocation.record offset=AbsoluteStatic(0x02) size=Fixed(242) align=Aligned(2) repr=MemoryIdentical atomic=NonAtomic effect=EffectOnWrite
  fzn_persist_blob.body.vote             offset=AbsoluteStatic(0x02) size=Bounded(243, 1496) align=Aligned(2) repr=MemoryIdentical atomic=NonAtomic mutate=Shifting effect=EffectOnWrite
  fzn_persist_blob.body.vote.record      offset=AbsoluteStatic(0x02) size=Fixed(242) align=Aligned(2) repr=MemoryIdentical atomic=NonAtomic effect=EffectOnWrite
  fzn_persist_blob.body.vote.hop_count   offset=AbsoluteStatic(0xF4) size=Fixed(1) align=Aligned(4) repr=MemoryIdentical atomic=AtomicWord effect=EffectOnWrite
  fzn_persist_blob.body.vote.hops        offset=AbsoluteStatic(0xF5) size=Bounded(0, 1253) align=Aligned(1) repr=MemoryIdentical atomic=NonAtomic mutate=Shifting effect=EffectOnWrite
  fzn_persist_blob.body.vote.hops[]      offset=FrameStatic(0x02) size=Fixed(179) align=Aligned(2) repr=MemoryIdentical atomic=NonAtomic effect=EffectOnWrite
  fzn_persist_blob.body.vote.hops[].bytes offset=FrameStatic(0x02) size=Fixed(179) align=Aligned(2) repr=MemoryIdentical atomic=NonAtomic effect=EffectOnWrite
  fzn_persist_blob.body.root_add         offset=AbsoluteStatic(0x02) size=Fixed(130) align=Aligned(2) repr=MemoryIdentical atomic=NonAtomic effect=EffectOnWrite
  fzn_persist_blob.body.root_add.record  offset=AbsoluteStatic(0x02) size=Fixed(130) align=Aligned(2) repr=MemoryIdentical atomic=NonAtomic effect=EffectOnWrite
  fzn_persist_blob.body.root_remove      offset=AbsoluteStatic(0x02) size=Fixed(162) align=Aligned(2) repr=MemoryIdentical atomic=NonAtomic effect=EffectOnWrite
  fzn_persist_blob.body.root_remove.record offset=AbsoluteStatic(0x02) size=Fixed(162) align=Aligned(2) repr=MemoryIdentical atomic=NonAtomic effect=EffectOnWrite
  fzn_persist_blob.body.own_root         offset=AbsoluteStatic(0x02) size=Fixed(32) align=Aligned(2) repr=MemoryIdentical atomic=NonAtomic effect=EffectOnWrite
  fzn_persist_blob.body.own_root.seed    offset=AbsoluteStatic(0x02) size=Fixed(32) align=Aligned(2) repr=MemoryIdentical atomic=NonAtomic effect=EffectOnWrite
  fzn_persist_blob.body.admin_confirm    offset=AbsoluteStatic(0x02) size=Bounded(131, 1384) align=Aligned(2) repr=MemoryIdentical atomic=NonAtomic mutate=Shifting effect=EffectOnWrite
  fzn_persist_blob.body.admin_confirm.record offset=AbsoluteStatic(0x02) size=Fixed(130) align=Aligned(2) repr=MemoryIdentical atomic=NonAtomic effect=EffectOnWrite
  fzn_persist_blob.body.admin_confirm.hop_count offset=AbsoluteStatic(0x84) size=Fixed(1) align=Aligned(4) repr=MemoryIdentical atomic=AtomicWord effect=EffectOnWrite
  fzn_persist_blob.body.admin_confirm.hops offset=AbsoluteStatic(0x85) size=Bounded(0, 1253) align=Aligned(1) repr=MemoryIdentical atomic=NonAtomic mutate=Shifting effect=EffectOnWrite
  fzn_persist_blob.body.admin_confirm.hops[] offset=FrameStatic(0x02) size=Fixed(179) align=Aligned(2) repr=MemoryIdentical atomic=NonAtomic effect=EffectOnWrite
  fzn_persist_blob.body.admin_confirm.hops[].bytes offset=FrameStatic(0x02) size=Fixed(179) align=Aligned(2) repr=MemoryIdentical atomic=NonAtomic effect=EffectOnWrite
  fzn_persist_blob.body.own_admin        offset=AbsoluteStatic(0x02) size=Bounded(180, 1254) align=Aligned(2) repr=MemoryIdentical atomic=NonAtomic mutate=Shifting effect=EffectOnWrite
  fzn_persist_blob.body.own_admin.hop_count offset=AbsoluteStatic(0x02) size=Fixed(1) align=Aligned(2) repr=MemoryIdentical atomic=AtomicWord effect=EffectOnWrite
  fzn_persist_blob.body.own_admin.hops   offset=AbsoluteStatic(0x03) size=Bounded(179, 1253) align=Aligned(1) repr=MemoryIdentical atomic=NonAtomic mutate=Shifting effect=EffectOnWrite
  fzn_persist_blob.body.own_admin.hops[] offset=FrameStatic(0x02) size=Fixed(179) align=Aligned(2) repr=MemoryIdentical atomic=NonAtomic effect=EffectOnWrite
  fzn_persist_blob.body.own_admin.hops[].bytes offset=FrameStatic(0x02) size=Fixed(179) align=Aligned(2) repr=MemoryIdentical atomic=NonAtomic effect=EffectOnWrite
  fzn_persist_blob.body.quorum_set       offset=AbsoluteStatic(0x02) size=Fixed(131) align=Aligned(2) repr=MemoryIdentical atomic=NonAtomic effect=EffectOnWrite
  fzn_persist_blob.body.quorum_set.record offset=AbsoluteStatic(0x02) size=Fixed(131) align=Aligned(2) repr=MemoryIdentical atomic=NonAtomic effect=EffectOnWrite
  fzn_persist_blob.body.note             offset=AbsoluteStatic(0x02) size=Unbounded align=Aligned(2) repr=MemoryIdentical atomic=NonAtomic mutate=Shifting effect=EffectOnWrite
  fzn_persist_blob.body.note.record      offset=AbsoluteStatic(0x02) size=Unbounded align=Aligned(2) repr=MemoryIdentical atomic=AtomicWord mutate=Shifting effect=EffectOnWrite
  fzn_persist_blob.body.note_purge       offset=AbsoluteStatic(0x02) size=Bounded(17, 1073) align=Aligned(2) repr=ValueConverted atomic=NonAtomic mutate=Shifting effect=EffectOnWrite
  fzn_persist_blob.body.note_purge.queued_at offset=AbsoluteStatic(0x02) size=Fixed(8) align=Aligned(2) repr=ValueConverted atomic=NonAtomic effect=EffectOnWrite
  fzn_persist_blob.body.note_purge.last_push offset=AbsoluteStatic(0x0A) size=Fixed(8) align=Aligned(2) repr=ValueConverted atomic=NonAtomic effect=EffectOnWrite
  fzn_persist_blob.body.note_purge.asked_count offset=AbsoluteStatic(0x12) size=Fixed(1) align=Aligned(2) repr=MemoryIdentical atomic=AtomicWord effect=EffectOnWrite
  fzn_persist_blob.body.note_purge.asked offset=AbsoluteStatic(0x13) size=Bounded(0, 1056) align=Aligned(1) repr=MemoryIdentical atomic=NonAtomic mutate=Shifting effect=EffectOnWrite
  fzn_persist_blob.body.note_purge.asked[] offset=FrameStatic(0x02) size=Fixed(33) align=Aligned(2) repr=MemoryIdentical atomic=NonAtomic effect=EffectOnWrite
  fzn_persist_blob.body.note_purge.asked[].host offset=FrameStatic(0x02) size=Fixed(32) align=Aligned(2) repr=MemoryIdentical atomic=NonAtomic effect=EffectOnWrite
  fzn_persist_blob.body.note_purge.asked[].answered offset=FrameStatic(0x22) size=Fixed(1) align=Aligned(2) repr=MemoryIdentical atomic=AtomicWord effect=EffectOnWrite
  fzn_persist_blob.body.note_partner     offset=AbsoluteStatic(0x02) size=Fixed(8) align=Aligned(2) repr=ValueConverted atomic=NonAtomic effect=EffectOnWrite
  fzn_persist_blob.body.note_partner.last_pull offset=AbsoluteStatic(0x02) size=Fixed(8) align=Aligned(2) repr=ValueConverted atomic=NonAtomic effect=EffectOnWrite
  fzn_persist_blob.body.contact          offset=AbsoluteStatic(0x02) size=Bounded(10, 41) align=Aligned(2) repr=ValueConverted atomic=NonAtomic mutate=Shifting address=Unstable effect=EffectOnWrite
  fzn_persist_blob.body.contact.name_len offset=AbsoluteStatic(0x02) size=Fixed(1) align=Aligned(2) repr=MemoryIdentical atomic=AtomicWord effect=EffectOnWrite
  fzn_persist_blob.body.contact.name     offset=AbsoluteStatic(0x03) size=Bounded(1, 32) align=Aligned(1) repr=MemoryIdentical atomic=AtomicWord mutate=Shifting effect=EffectOnWrite
  fzn_persist_blob.body.contact.added_at offset=Dynamic size=Fixed(8) align=Unaligned repr=ValueConverted atomic=NonAtomic address=Unstable effect=EffectOnWrite
  fzn_persist_blob.body.note_share       offset=AbsoluteStatic(0x02) size=Fixed(72) align=Aligned(2) repr=ValueConverted atomic=NonAtomic effect=EffectOnWrite
  fzn_persist_blob.body.note_share.subtree offset=AbsoluteStatic(0x02) size=Fixed(32) align=Aligned(2) repr=MemoryIdentical atomic=NonAtomic effect=EffectOnWrite
  fzn_persist_blob.body.note_share.contact offset=AbsoluteStatic(0x22) size=Fixed(32) align=Aligned(2) repr=MemoryIdentical atomic=NonAtomic effect=EffectOnWrite
  fzn_persist_blob.body.note_share.shared_at offset=AbsoluteStatic(0x42) size=Fixed(8) align=Aligned(2) repr=ValueConverted atomic=NonAtomic effect=EffectOnWrite
  fzn_persist_blob.body.shared_note      offset=AbsoluteStatic(0x02) size=Unbounded align=Aligned(2) repr=MemoryIdentical atomic=NonAtomic mutate=Shifting effect=EffectOnWrite
  fzn_persist_blob.body.shared_note.sharer offset=AbsoluteStatic(0x02) size=Fixed(32) align=Aligned(2) repr=MemoryIdentical atomic=NonAtomic effect=EffectOnWrite
  fzn_persist_blob.body.shared_note.claim offset=AbsoluteStatic(0x22) size=Fixed(32) align=Aligned(2) repr=MemoryIdentical atomic=NonAtomic effect=EffectOnWrite
  fzn_persist_blob.body.shared_note.record offset=AbsoluteStatic(0x42) size=Unbounded align=Aligned(2) repr=MemoryIdentical atomic=AtomicWord mutate=Shifting effect=EffectOnWrite
  fzn_persist_blob.body.received_share   offset=AbsoluteStatic(0x02) size=Bounded(12, 264) align=Aligned(2) repr=ValueConverted atomic=NonAtomic mutate=Shifting address=Unstable effect=EffectOnWrite
  fzn_persist_blob.body.received_share.host_len offset=AbsoluteStatic(0x02) size=Fixed(1) align=Aligned(2) repr=MemoryIdentical atomic=AtomicWord effect=EffectOnWrite
  fzn_persist_blob.body.received_share.host offset=AbsoluteStatic(0x03) size=Bounded(1, 253) align=Aligned(1) repr=MemoryIdentical atomic=AtomicWord mutate=Shifting effect=EffectOnWrite
  fzn_persist_blob.body.received_share.port offset=Dynamic size=Fixed(2) align=Unaligned repr=ValueConverted atomic=NonAtomic address=Unstable effect=EffectOnWrite
  fzn_persist_blob.body.received_share.accepted_at offset=Dynamic size=Fixed(8) align=Unaligned repr=ValueConverted atomic=NonAtomic address=Unstable effect=EffectOnWrite
  fzn_persist_blob.body.contact_group    offset=AbsoluteStatic(0x02) size=Bounded(11, 2090) align=Aligned(2) repr=ValueConverted atomic=NonAtomic mutate=Shifting address=Unstable effect=EffectOnWrite
  fzn_persist_blob.body.contact_group.name_len offset=AbsoluteStatic(0x02) size=Fixed(1) align=Aligned(2) repr=MemoryIdentical atomic=AtomicWord effect=EffectOnWrite
  fzn_persist_blob.body.contact_group.name offset=AbsoluteStatic(0x03) size=Bounded(1, 32) align=Aligned(1) repr=MemoryIdentical atomic=AtomicWord mutate=Shifting effect=EffectOnWrite
  fzn_persist_blob.body.contact_group.count offset=Dynamic size=Fixed(1) align=Unaligned repr=MemoryIdentical atomic=AtomicWord address=Unstable effect=EffectOnWrite
  fzn_persist_blob.body.contact_group.members offset=Dynamic size=Bounded(0, 2048) align=Unaligned repr=MemoryIdentical atomic=NonAtomic mutate=Shifting address=Unstable effect=EffectOnWrite
  fzn_persist_blob.body.contact_group.members[] offset=FrameStatic(0x02) size=Fixed(32) align=Aligned(2) repr=MemoryIdentical atomic=NonAtomic address=FrameStable effect=EffectOnWrite
  fzn_persist_blob.body.contact_group.members[].key offset=FrameStatic(0x02) size=Fixed(32) align=Aligned(2) repr=MemoryIdentical atomic=NonAtomic address=FrameStable effect=EffectOnWrite
  fzn_persist_blob.body.contact_group.made_at offset=Dynamic size=Fixed(8) align=Unaligned repr=ValueConverted atomic=NonAtomic address=Unstable effect=EffectOnWrite
  fzn_persist_blob.body.log_rule         offset=AbsoluteStatic(0x02) size=Bounded(10, 264) align=Aligned(2) repr=ValueConverted atomic=NonAtomic mutate=Shifting address=Unstable effect=EffectOnWrite
  fzn_persist_blob.body.log_rule.text_len offset=AbsoluteStatic(0x02) size=Fixed(1) align=Aligned(2) repr=MemoryIdentical atomic=AtomicWord effect=EffectOnWrite
  fzn_persist_blob.body.log_rule.text    offset=AbsoluteStatic(0x03) size=Bounded(1, 255) align=Aligned(1) repr=MemoryIdentical atomic=AtomicWord mutate=Shifting effect=EffectOnWrite
  fzn_persist_blob.body.log_rule.added_at offset=Dynamic size=Fixed(8) align=Unaligned repr=ValueConverted atomic=NonAtomic address=Unstable effect=EffectOnWrite
  fzn_persist_blob.body.retention_set    offset=AbsoluteStatic(0x02) size=Fixed(258) align=Aligned(2) repr=MemoryIdentical atomic=NonAtomic effect=EffectOnWrite
  fzn_persist_blob.body.retention_set.record offset=AbsoluteStatic(0x02) size=Fixed(258) align=Aligned(2) repr=MemoryIdentical atomic=NonAtomic effect=EffectOnWrite
  fzn_persist_blob.body.admin_retention  offset=AbsoluteStatic(0x02) size=Bounded(438, 1512) align=Aligned(2) repr=MemoryIdentical atomic=NonAtomic mutate=Shifting effect=EffectOnWrite
  fzn_persist_blob.body.admin_retention.record offset=AbsoluteStatic(0x02) size=Fixed(258) align=Aligned(2) repr=MemoryIdentical atomic=NonAtomic effect=EffectOnWrite
  fzn_persist_blob.body.admin_retention.hop_count offset=AbsoluteStatic(0x104) size=Fixed(1) align=Aligned(4) repr=MemoryIdentical atomic=AtomicWord effect=EffectOnWrite
  fzn_persist_blob.body.admin_retention.hops offset=AbsoluteStatic(0x105) size=Bounded(179, 1253) align=Aligned(1) repr=MemoryIdentical atomic=NonAtomic mutate=Shifting effect=EffectOnWrite
  fzn_persist_blob.body.admin_retention.hops[] offset=FrameStatic(0x02) size=Fixed(179) align=Aligned(2) repr=MemoryIdentical atomic=NonAtomic effect=EffectOnWrite
  fzn_persist_blob.body.admin_retention.hops[].bytes offset=FrameStatic(0x02) size=Fixed(179) align=Aligned(2) repr=MemoryIdentical atomic=NonAtomic effect=EffectOnWrite
  fzn_persist_blob.body.roster           offset=AbsoluteStatic(0x02) size=Bounded(158, 1590) align=Aligned(2) repr=MemoryIdentical atomic=NonAtomic mutate=Shifting effect=EffectOnWrite
  fzn_persist_blob.body.roster.record    offset=AbsoluteStatic(0x02) size=Fixed(157) align=Aligned(2) repr=MemoryIdentical atomic=NonAtomic effect=EffectOnWrite
  fzn_persist_blob.body.roster.hop_count offset=AbsoluteStatic(0x9F) size=Fixed(1) align=Aligned(1) repr=MemoryIdentical atomic=AtomicWord effect=EffectOnWrite
  fzn_persist_blob.body.roster.hops      offset=AbsoluteStatic(0xA0) size=Bounded(0, 1432) align=Aligned(8) repr=MemoryIdentical atomic=NonAtomic mutate=Shifting effect=EffectOnWrite
  fzn_persist_blob.body.roster.hops[]    offset=FrameStatic(0x02) size=Fixed(179) align=Aligned(2) repr=MemoryIdentical atomic=NonAtomic effect=EffectOnWrite
  fzn_persist_blob.body.roster.hops[].bytes offset=FrameStatic(0x02) size=Fixed(179) align=Aligned(2) repr=MemoryIdentical atomic=NonAtomic effect=EffectOnWrite
  fzn_persist_blob.body.file_share       offset=AbsoluteStatic(0x02) size=Fixed(72) align=Aligned(2) repr=ValueConverted atomic=NonAtomic effect=EffectOnWrite
  fzn_persist_blob.body.file_share.root  offset=AbsoluteStatic(0x02) size=Fixed(32) align=Aligned(2) repr=MemoryIdentical atomic=NonAtomic effect=EffectOnWrite
  fzn_persist_blob.body.file_share.grantee offset=AbsoluteStatic(0x22) size=Fixed(32) align=Aligned(2) repr=MemoryIdentical atomic=NonAtomic effect=EffectOnWrite
  fzn_persist_blob.body.file_share.shared_at_ms offset=AbsoluteStatic(0x42) size=Fixed(8) align=Aligned(2) repr=ValueConverted atomic=NonAtomic effect=EffectOnWrite
  fzn_persist_blob.body.succession       offset=AbsoluteStatic(0x02) size=Bounded(195, 1448) align=Aligned(2) repr=MemoryIdentical atomic=NonAtomic mutate=Shifting effect=EffectOnWrite
  fzn_persist_blob.body.succession.record offset=AbsoluteStatic(0x02) size=Fixed(194) align=Aligned(2) repr=MemoryIdentical atomic=NonAtomic effect=EffectOnWrite
  fzn_persist_blob.body.succession.hop_count offset=AbsoluteStatic(0xC4) size=Fixed(1) align=Aligned(4) repr=MemoryIdentical atomic=AtomicWord effect=EffectOnWrite
  fzn_persist_blob.body.succession.hops  offset=AbsoluteStatic(0xC5) size=Bounded(0, 1253) align=Aligned(1) repr=MemoryIdentical atomic=NonAtomic mutate=Shifting effect=EffectOnWrite
  fzn_persist_blob.body.succession.hops[] offset=FrameStatic(0x02) size=Fixed(179) align=Aligned(2) repr=MemoryIdentical atomic=NonAtomic effect=EffectOnWrite
  fzn_persist_blob.body.succession.hops[].bytes offset=FrameStatic(0x02) size=Fixed(179) align=Aligned(2) repr=MemoryIdentical atomic=NonAtomic effect=EffectOnWrite
  fzn_persist_blob.body.note_purged      offset=AbsoluteStatic(0x02) size=Fixed(1) align=Aligned(2) repr=MemoryIdentical atomic=NonAtomic effect=EffectOnWrite
  fzn_persist_blob.body.note_purged.version offset=AbsoluteStatic(0x02) size=Fixed(1) align=Aligned(2) repr=MemoryIdentical atomic=AtomicWord effect=EffectOnWrite

struct fzn_persist_chain_body size=40 repr=ValueConverted atomic=NonAtomic effect=EffectOnWrite
  fzn_persist_chain_body.key             offset=AbsoluteStatic(0x00) size=Fixed(32) align=Aligned(8) repr=MemoryIdentical atomic=NonAtomic effect=EffectOnWrite
  fzn_persist_chain_body.seq             offset=AbsoluteStatic(0x20) size=Fixed(8) align=Aligned(8) repr=ValueConverted atomic=AtomicWord effect=EffectOnWrite

struct fzn_persist_contact_body size=10..41 mutate=Shifting address=Unstable repr=ValueConverted atomic=NonAtomic effect=EffectOnWrite
  fzn_persist_contact_body.name_len      offset=AbsoluteStatic(0x00) size=Fixed(1) align=Aligned(8) repr=MemoryIdentical atomic=AtomicWord effect=EffectOnWrite
  fzn_persist_contact_body.name          offset=AbsoluteStatic(0x01) size=Bounded(1, 32) align=Aligned(1) repr=MemoryIdentical atomic=AtomicWord mutate=Shifting effect=EffectOnWrite
  fzn_persist_contact_body.added_at      offset=Dynamic size=Fixed(8) align=Unaligned repr=ValueConverted atomic=NonAtomic address=Unstable effect=EffectOnWrite

struct fzn_persist_contact_group_body size=11..2090 mutate=Shifting address=Unstable repr=ValueConverted atomic=NonAtomic effect=EffectOnWrite
  fzn_persist_contact_group_body.name_len offset=AbsoluteStatic(0x00) size=Fixed(1) align=Aligned(8) repr=MemoryIdentical atomic=AtomicWord effect=EffectOnWrite
  fzn_persist_contact_group_body.name    offset=AbsoluteStatic(0x01) size=Bounded(1, 32) align=Aligned(1) repr=MemoryIdentical atomic=AtomicWord mutate=Shifting effect=EffectOnWrite
  fzn_persist_contact_group_body.count   offset=Dynamic size=Fixed(1) align=Unaligned repr=MemoryIdentical atomic=AtomicWord address=Unstable effect=EffectOnWrite
  fzn_persist_contact_group_body.members offset=Dynamic size=Bounded(0, 2048) align=Unaligned repr=MemoryIdentical atomic=NonAtomic mutate=Shifting address=Unstable effect=EffectOnWrite
  fzn_persist_contact_group_body.members[] offset=FrameStatic(0x00) size=Fixed(32) align=Aligned(8) repr=MemoryIdentical atomic=NonAtomic address=FrameStable effect=EffectOnWrite
  fzn_persist_contact_group_body.members[].key offset=FrameStatic(0x00) size=Fixed(32) align=Aligned(8) repr=MemoryIdentical atomic=NonAtomic address=FrameStable effect=EffectOnWrite
  fzn_persist_contact_group_body.made_at offset=Dynamic size=Fixed(8) align=Unaligned repr=ValueConverted atomic=NonAtomic address=Unstable effect=EffectOnWrite

struct fzn_persist_file_share_body size=72 repr=ValueConverted atomic=NonAtomic effect=EffectOnWrite
  fzn_persist_file_share_body.root       offset=AbsoluteStatic(0x00) size=Fixed(32) align=Aligned(8) repr=MemoryIdentical atomic=NonAtomic effect=EffectOnWrite
  fzn_persist_file_share_body.grantee    offset=AbsoluteStatic(0x20) size=Fixed(32) align=Aligned(8) repr=MemoryIdentical atomic=NonAtomic effect=EffectOnWrite
  fzn_persist_file_share_body.shared_at_ms offset=AbsoluteStatic(0x40) size=Fixed(8) align=Aligned(8) repr=ValueConverted atomic=AtomicWord effect=EffectOnWrite

struct fzn_persist_group_member size=32 atomic=NonAtomic effect=EffectOnWrite
  fzn_persist_group_member.key           offset=AbsoluteStatic(0x00) size=Fixed(32) align=Aligned(8) repr=MemoryIdentical atomic=NonAtomic effect=EffectOnWrite

struct fzn_persist_hop size=179 atomic=NonAtomic effect=EffectOnWrite
  fzn_persist_hop.bytes                  offset=AbsoluteStatic(0x00) size=Fixed(179) align=Aligned(8) repr=MemoryIdentical atomic=NonAtomic effect=EffectOnWrite

struct fzn_persist_identity_body size=32 atomic=NonAtomic effect=EffectOnWrite
  fzn_persist_identity_body.seed         offset=AbsoluteStatic(0x00) size=Fixed(32) align=Aligned(8) repr=MemoryIdentical atomic=NonAtomic effect=EffectOnWrite

struct fzn_persist_log_rule_body size=10..264 mutate=Shifting address=Unstable repr=ValueConverted atomic=NonAtomic effect=EffectOnWrite
  fzn_persist_log_rule_body.text_len     offset=AbsoluteStatic(0x00) size=Fixed(1) align=Aligned(8) repr=MemoryIdentical atomic=AtomicWord effect=EffectOnWrite
  fzn_persist_log_rule_body.text         offset=AbsoluteStatic(0x01) size=Bounded(1, 255) align=Aligned(1) repr=MemoryIdentical atomic=AtomicWord mutate=Shifting effect=EffectOnWrite
  fzn_persist_log_rule_body.added_at     offset=Dynamic size=Fixed(8) align=Unaligned repr=ValueConverted atomic=NonAtomic address=Unstable effect=EffectOnWrite

struct fzn_persist_node_peer_body size=97..1529 mutate=Shifting atomic=NonAtomic effect=EffectOnWrite
  fzn_persist_node_peer_body.sender      offset=AbsoluteStatic(0x00) size=Fixed(32) align=Aligned(8) repr=MemoryIdentical atomic=NonAtomic effect=EffectOnWrite
  fzn_persist_node_peer_body.recv_key    offset=AbsoluteStatic(0x20) size=Fixed(32) align=Aligned(8) repr=MemoryIdentical atomic=NonAtomic effect=EffectOnWrite
  fzn_persist_node_peer_body.recv_ckey   offset=AbsoluteStatic(0x40) size=Fixed(32) align=Aligned(8) repr=MemoryIdentical atomic=NonAtomic effect=EffectOnWrite
  fzn_persist_node_peer_body.hop_count   offset=AbsoluteStatic(0x60) size=Fixed(1) align=Aligned(8) repr=MemoryIdentical atomic=AtomicWord effect=EffectOnWrite
  fzn_persist_node_peer_body.hops        offset=AbsoluteStatic(0x61) size=Bounded(0, 1432) align=Aligned(1) repr=MemoryIdentical atomic=NonAtomic mutate=Shifting effect=EffectOnWrite
  fzn_persist_node_peer_body.hops[]      offset=FrameStatic(0x00) size=Fixed(179) align=Aligned(8) repr=MemoryIdentical atomic=NonAtomic effect=EffectOnWrite
  fzn_persist_node_peer_body.hops[].bytes offset=FrameStatic(0x00) size=Fixed(179) align=Aligned(8) repr=MemoryIdentical atomic=NonAtomic effect=EffectOnWrite

struct fzn_persist_note_body size=0.. mutate=Shifting effect=EffectOnWrite
  fzn_persist_note_body.record           offset=AbsoluteStatic(0x00) size=Unbounded align=Aligned(8) repr=MemoryIdentical atomic=AtomicWord mutate=Shifting effect=EffectOnWrite

struct fzn_persist_note_partner_body size=8 repr=ValueConverted effect=EffectOnWrite
  fzn_persist_note_partner_body.last_pull offset=AbsoluteStatic(0x00) size=Fixed(8) align=Aligned(8) repr=ValueConverted atomic=AtomicWord effect=EffectOnWrite

struct fzn_persist_note_purge_body size=17..1073 mutate=Shifting repr=ValueConverted atomic=NonAtomic effect=EffectOnWrite
  fzn_persist_note_purge_body.queued_at  offset=AbsoluteStatic(0x00) size=Fixed(8) align=Aligned(8) repr=ValueConverted atomic=AtomicWord effect=EffectOnWrite
  fzn_persist_note_purge_body.last_push  offset=AbsoluteStatic(0x08) size=Fixed(8) align=Aligned(8) repr=ValueConverted atomic=AtomicWord effect=EffectOnWrite
  fzn_persist_note_purge_body.asked_count offset=AbsoluteStatic(0x10) size=Fixed(1) align=Aligned(8) repr=MemoryIdentical atomic=AtomicWord effect=EffectOnWrite
  fzn_persist_note_purge_body.asked      offset=AbsoluteStatic(0x11) size=Bounded(0, 1056) align=Aligned(1) repr=MemoryIdentical atomic=NonAtomic mutate=Shifting effect=EffectOnWrite
  fzn_persist_note_purge_body.asked[]    offset=FrameStatic(0x00) size=Fixed(33) align=Aligned(8) repr=MemoryIdentical atomic=NonAtomic effect=EffectOnWrite
  fzn_persist_note_purge_body.asked[].host offset=FrameStatic(0x00) size=Fixed(32) align=Aligned(8) repr=MemoryIdentical atomic=NonAtomic effect=EffectOnWrite
  fzn_persist_note_purge_body.asked[].answered offset=FrameStatic(0x20) size=Fixed(1) align=Aligned(8) repr=MemoryIdentical atomic=AtomicWord effect=EffectOnWrite

struct fzn_persist_note_purged_body size=1 effect=EffectOnWrite
  fzn_persist_note_purged_body.version   offset=AbsoluteStatic(0x00) size=Fixed(1) align=Aligned(8) repr=MemoryIdentical atomic=AtomicWord effect=EffectOnWrite

struct fzn_persist_note_share_body size=72 repr=ValueConverted atomic=NonAtomic effect=EffectOnWrite
  fzn_persist_note_share_body.subtree    offset=AbsoluteStatic(0x00) size=Fixed(32) align=Aligned(8) repr=MemoryIdentical atomic=NonAtomic effect=EffectOnWrite
  fzn_persist_note_share_body.contact    offset=AbsoluteStatic(0x20) size=Fixed(32) align=Aligned(8) repr=MemoryIdentical atomic=NonAtomic effect=EffectOnWrite
  fzn_persist_note_share_body.shared_at  offset=AbsoluteStatic(0x40) size=Fixed(8) align=Aligned(8) repr=ValueConverted atomic=AtomicWord effect=EffectOnWrite

struct fzn_persist_own_admin_body size=180..1254 mutate=Shifting atomic=NonAtomic effect=EffectOnWrite
  fzn_persist_own_admin_body.hop_count   offset=AbsoluteStatic(0x00) size=Fixed(1) align=Aligned(8) repr=MemoryIdentical atomic=AtomicWord effect=EffectOnWrite
  fzn_persist_own_admin_body.hops        offset=AbsoluteStatic(0x01) size=Bounded(179, 1253) align=Aligned(1) repr=MemoryIdentical atomic=NonAtomic mutate=Shifting effect=EffectOnWrite
  fzn_persist_own_admin_body.hops[]      offset=FrameStatic(0x00) size=Fixed(179) align=Aligned(8) repr=MemoryIdentical atomic=NonAtomic effect=EffectOnWrite
  fzn_persist_own_admin_body.hops[].bytes offset=FrameStatic(0x00) size=Fixed(179) align=Aligned(8) repr=MemoryIdentical atomic=NonAtomic effect=EffectOnWrite

struct fzn_persist_own_root_body size=32 atomic=NonAtomic effect=EffectOnWrite
  fzn_persist_own_root_body.seed         offset=AbsoluteStatic(0x00) size=Fixed(32) align=Aligned(8) repr=MemoryIdentical atomic=NonAtomic effect=EffectOnWrite

struct fzn_persist_pairing_body size=308..1561 mutate=Shifting atomic=NonAtomic effect=EffectOnWrite
  fzn_persist_pairing_body.node          offset=AbsoluteStatic(0x00) size=Fixed(32) align=Aligned(8) repr=MemoryIdentical atomic=NonAtomic effect=EffectOnWrite
  fzn_persist_pairing_body.capability    offset=AbsoluteStatic(0x20) size=Fixed(32) align=Aligned(8) repr=MemoryIdentical atomic=NonAtomic effect=EffectOnWrite
  fzn_persist_pairing_body.send_key      offset=AbsoluteStatic(0x40) size=Fixed(32) align=Aligned(8) repr=MemoryIdentical atomic=NonAtomic effect=EffectOnWrite
  fzn_persist_pairing_body.send_ckey     offset=AbsoluteStatic(0x60) size=Fixed(32) align=Aligned(8) repr=MemoryIdentical atomic=NonAtomic effect=EffectOnWrite
  fzn_persist_pairing_body.hop_count     offset=AbsoluteStatic(0x80) size=Fixed(1) align=Aligned(8) repr=MemoryIdentical atomic=AtomicWord effect=EffectOnWrite
  fzn_persist_pairing_body.chain         offset=AbsoluteStatic(0x81) size=Bounded(179, 1432) align=Aligned(1) repr=MemoryIdentical atomic=NonAtomic mutate=Shifting effect=EffectOnWrite
  fzn_persist_pairing_body.chain[]       offset=FrameStatic(0x00) size=Fixed(179) align=Aligned(8) repr=MemoryIdentical atomic=NonAtomic effect=EffectOnWrite
  fzn_persist_pairing_body.chain[].bytes offset=FrameStatic(0x00) size=Fixed(179) align=Aligned(8) repr=MemoryIdentical atomic=NonAtomic effect=EffectOnWrite

struct fzn_persist_peer_body size=81 repr=ValueConverted atomic=NonAtomic effect=EffectOnWrite
  fzn_persist_peer_body.trust            offset=AbsoluteStatic(0x00) size=Fixed(41) align=Aligned(8) repr=ValueConverted atomic=NonAtomic effect=EffectOnWrite
  fzn_persist_peer_body.trust.root       offset=AbsoluteStatic(0x00) size=Fixed(32) align=Aligned(8) repr=MemoryIdentical atomic=NonAtomic effect=EffectOnWrite
  fzn_persist_peer_body.trust.source     offset=AbsoluteStatic(0x20) size=Fixed(1) align=Aligned(8) repr=MemoryIdentical atomic=AtomicWord effect=EffectOnWrite
  fzn_persist_peer_body.trust.adopted_at offset=AbsoluteStatic(0x21) size=Fixed(8) align=Aligned(1) repr=ValueConverted atomic=NonAtomic effect=EffectOnWrite
  fzn_persist_peer_body.prekey           offset=AbsoluteStatic(0x29) size=Fixed(32) align=Aligned(1) repr=MemoryIdentical atomic=NonAtomic effect=EffectOnWrite
  fzn_persist_peer_body.created_at       offset=AbsoluteStatic(0x49) size=Fixed(8) align=Aligned(1) repr=ValueConverted atomic=NonAtomic effect=EffectOnWrite

struct fzn_persist_purge_host size=33 atomic=NonAtomic effect=EffectOnWrite
  fzn_persist_purge_host.host            offset=AbsoluteStatic(0x00) size=Fixed(32) align=Aligned(8) repr=MemoryIdentical atomic=NonAtomic effect=EffectOnWrite
  fzn_persist_purge_host.answered        offset=AbsoluteStatic(0x20) size=Fixed(1) align=Aligned(8) repr=MemoryIdentical atomic=AtomicWord effect=EffectOnWrite

struct fzn_persist_quorum_set_body size=131 atomic=NonAtomic effect=EffectOnWrite
  fzn_persist_quorum_set_body.record     offset=AbsoluteStatic(0x00) size=Fixed(131) align=Aligned(8) repr=MemoryIdentical atomic=NonAtomic effect=EffectOnWrite

struct fzn_persist_received_share_body size=12..264 mutate=Shifting address=Unstable repr=ValueConverted atomic=NonAtomic effect=EffectOnWrite
  fzn_persist_received_share_body.host_len offset=AbsoluteStatic(0x00) size=Fixed(1) align=Aligned(8) repr=MemoryIdentical atomic=AtomicWord effect=EffectOnWrite
  fzn_persist_received_share_body.host   offset=AbsoluteStatic(0x01) size=Bounded(1, 253) align=Aligned(1) repr=MemoryIdentical atomic=AtomicWord mutate=Shifting effect=EffectOnWrite
  fzn_persist_received_share_body.port   offset=Dynamic size=Fixed(2) align=Unaligned repr=ValueConverted atomic=NonAtomic address=Unstable effect=EffectOnWrite
  fzn_persist_received_share_body.accepted_at offset=Dynamic size=Fixed(8) align=Unaligned repr=ValueConverted atomic=NonAtomic address=Unstable effect=EffectOnWrite

struct fzn_persist_retention_set_body size=258 atomic=NonAtomic effect=EffectOnWrite
  fzn_persist_retention_set_body.record  offset=AbsoluteStatic(0x00) size=Fixed(258) align=Aligned(8) repr=MemoryIdentical atomic=NonAtomic effect=EffectOnWrite

struct fzn_persist_revocation_body size=242 atomic=NonAtomic effect=EffectOnWrite
  fzn_persist_revocation_body.record     offset=AbsoluteStatic(0x00) size=Fixed(242) align=Aligned(8) repr=MemoryIdentical atomic=NonAtomic effect=EffectOnWrite

struct fzn_persist_root_add_body size=130 atomic=NonAtomic effect=EffectOnWrite
  fzn_persist_root_add_body.record       offset=AbsoluteStatic(0x00) size=Fixed(130) align=Aligned(8) repr=MemoryIdentical atomic=NonAtomic effect=EffectOnWrite

struct fzn_persist_root_remove_body size=162 atomic=NonAtomic effect=EffectOnWrite
  fzn_persist_root_remove_body.record    offset=AbsoluteStatic(0x00) size=Fixed(162) align=Aligned(8) repr=MemoryIdentical atomic=NonAtomic effect=EffectOnWrite

struct fzn_persist_roster_body size=158..1590 mutate=Shifting atomic=NonAtomic effect=EffectOnWrite
  fzn_persist_roster_body.record         offset=AbsoluteStatic(0x00) size=Fixed(157) align=Aligned(8) repr=MemoryIdentical atomic=NonAtomic effect=EffectOnWrite
  fzn_persist_roster_body.hop_count      offset=AbsoluteStatic(0x9D) size=Fixed(1) align=Aligned(1) repr=MemoryIdentical atomic=AtomicWord effect=EffectOnWrite
  fzn_persist_roster_body.hops           offset=AbsoluteStatic(0x9E) size=Bounded(0, 1432) align=Aligned(2) repr=MemoryIdentical atomic=NonAtomic mutate=Shifting effect=EffectOnWrite
  fzn_persist_roster_body.hops[]         offset=FrameStatic(0x00) size=Fixed(179) align=Aligned(8) repr=MemoryIdentical atomic=NonAtomic effect=EffectOnWrite
  fzn_persist_roster_body.hops[].bytes   offset=FrameStatic(0x00) size=Fixed(179) align=Aligned(8) repr=MemoryIdentical atomic=NonAtomic effect=EffectOnWrite

struct fzn_persist_secret_body size=40 repr=ValueConverted atomic=NonAtomic effect=EffectOnWrite
  fzn_persist_secret_body.secret         offset=AbsoluteStatic(0x00) size=Fixed(32) align=Aligned(8) repr=MemoryIdentical atomic=NonAtomic effect=EffectOnWrite
  fzn_persist_secret_body.generation     offset=AbsoluteStatic(0x20) size=Fixed(8) align=Aligned(8) repr=ValueConverted atomic=AtomicWord effect=EffectOnWrite

struct fzn_persist_shared_note_body size=64.. mutate=Shifting atomic=NonAtomic effect=EffectOnWrite
  fzn_persist_shared_note_body.sharer    offset=AbsoluteStatic(0x00) size=Fixed(32) align=Aligned(8) repr=MemoryIdentical atomic=NonAtomic effect=EffectOnWrite
  fzn_persist_shared_note_body.claim     offset=AbsoluteStatic(0x20) size=Fixed(32) align=Aligned(8) repr=MemoryIdentical atomic=NonAtomic effect=EffectOnWrite
  fzn_persist_shared_note_body.record    offset=AbsoluteStatic(0x40) size=Unbounded align=Aligned(8) repr=MemoryIdentical atomic=AtomicWord mutate=Shifting effect=EffectOnWrite

struct fzn_persist_succession_body size=195..1448 mutate=Shifting atomic=NonAtomic effect=EffectOnWrite
  fzn_persist_succession_body.record     offset=AbsoluteStatic(0x00) size=Fixed(194) align=Aligned(8) repr=MemoryIdentical atomic=NonAtomic effect=EffectOnWrite
  fzn_persist_succession_body.hop_count  offset=AbsoluteStatic(0xC2) size=Fixed(1) align=Aligned(2) repr=MemoryIdentical atomic=AtomicWord effect=EffectOnWrite
  fzn_persist_succession_body.hops       offset=AbsoluteStatic(0xC3) size=Bounded(0, 1253) align=Aligned(1) repr=MemoryIdentical atomic=NonAtomic mutate=Shifting effect=EffectOnWrite
  fzn_persist_succession_body.hops[]     offset=FrameStatic(0x00) size=Fixed(179) align=Aligned(8) repr=MemoryIdentical atomic=NonAtomic effect=EffectOnWrite
  fzn_persist_succession_body.hops[].bytes offset=FrameStatic(0x00) size=Fixed(179) align=Aligned(8) repr=MemoryIdentical atomic=NonAtomic effect=EffectOnWrite

struct fzn_persist_trust_body size=41 repr=ValueConverted atomic=NonAtomic effect=EffectOnWrite
  fzn_persist_trust_body.root            offset=AbsoluteStatic(0x00) size=Fixed(32) align=Aligned(8) repr=MemoryIdentical atomic=NonAtomic effect=EffectOnWrite
  fzn_persist_trust_body.source          offset=AbsoluteStatic(0x20) size=Fixed(1) align=Aligned(8) repr=MemoryIdentical atomic=AtomicWord effect=EffectOnWrite
  fzn_persist_trust_body.adopted_at      offset=AbsoluteStatic(0x21) size=Fixed(8) align=Aligned(1) repr=ValueConverted atomic=NonAtomic effect=EffectOnWrite

struct fzn_persist_vote_body size=243..1496 mutate=Shifting atomic=NonAtomic effect=EffectOnWrite
  fzn_persist_vote_body.record           offset=AbsoluteStatic(0x00) size=Fixed(242) align=Aligned(8) repr=MemoryIdentical atomic=NonAtomic effect=EffectOnWrite
  fzn_persist_vote_body.hop_count        offset=AbsoluteStatic(0xF2) size=Fixed(1) align=Aligned(2) repr=MemoryIdentical atomic=AtomicWord effect=EffectOnWrite
  fzn_persist_vote_body.hops             offset=AbsoluteStatic(0xF3) size=Bounded(0, 1253) align=Aligned(1) repr=MemoryIdentical atomic=NonAtomic mutate=Shifting effect=EffectOnWrite
  fzn_persist_vote_body.hops[]           offset=FrameStatic(0x00) size=Fixed(179) align=Aligned(8) repr=MemoryIdentical atomic=NonAtomic effect=EffectOnWrite
  fzn_persist_vote_body.hops[].bytes     offset=FrameStatic(0x00) size=Fixed(179) align=Aligned(8) repr=MemoryIdentical atomic=NonAtomic effect=EffectOnWrite
