# situ capability map v1
# schema: attribute.situ
# core:   offset size align repr atomic
#
# Core axes are always shown. Any other axis appears only where it has
# been weakened below its strongest value.
#
# Offsets are byte values, or byte:bit where a field does not start on
# a byte boundary. Sizes are bytes unless suffixed with `bit`.
#
# A struct's size is a bare number where it is fixed, `min..max` where
# it is bounded, and `min..` where nothing bounds it.

struct fzn_catalogue_attribute size=8..767 mutate=Shifting address=Unstable repr=ValueConverted atomic=NonAtomic
  fzn_catalogue_attribute.object         offset=AbsoluteStatic(0x00) size=Fixed(1) align=Aligned(8) repr=MemoryIdentical atomic=AtomicWord
  fzn_catalogue_attribute.attr_class     offset=AbsoluteStatic(0x01) size=Fixed(1) align=Aligned(1) repr=MemoryIdentical atomic=AtomicWord
  fzn_catalogue_attribute.scope          offset=AbsoluteStatic(0x02) size=Fixed(1) align=Aligned(2) repr=MemoryIdentical atomic=AtomicWord
  fzn_catalogue_attribute.merge          offset=AbsoluteStatic(0x03) size=Fixed(1) align=Aligned(1) repr=MemoryIdentical atomic=AtomicWord
  fzn_catalogue_attribute.capability     offset=AbsoluteStatic(0x04) size=Fixed(1) align=Aligned(4) repr=MemoryIdentical atomic=AtomicWord
  fzn_catalogue_attribute.name_len       offset=AbsoluteStatic(0x05) size=Fixed(1) align=Aligned(1) repr=MemoryIdentical atomic=AtomicWord
  fzn_catalogue_attribute.name           offset=AbsoluteStatic(0x06) size=Bounded(0, 255) align=Aligned(2) repr=MemoryIdentical atomic=AtomicWord mutate=Shifting
  fzn_catalogue_attribute.value_len      offset=Dynamic size=Fixed(2) align=Unaligned repr=ValueConverted atomic=NonAtomic address=Unstable
  fzn_catalogue_attribute.value          offset=Dynamic size=Bounded(0, 504) align=Unaligned repr=MemoryIdentical atomic=AtomicWord mutate=Shifting address=Unstable
