# situ capability map v1
# schema: hop.situ
# core:   offset size align repr atomic
#
# Core axes are always shown. Any other axis appears only where it has
# been weakened below its strongest value.
#
# Offsets are byte values, or byte:bit where a field does not start on
# a byte boundary. Sizes are bytes unless suffixed with `bit`.
#
# A struct's size is a bare number where it is fixed, `min..max` where
# it is bounded, and `min..` where nothing bounds it.

struct fzn_chain_hop size=179 repr=ValueConverted atomic=NonAtomic
  fzn_chain_hop.version                  offset=AbsoluteStatic(0x00) size=Fixed(1) align=Aligned(8) repr=MemoryIdentical atomic=AtomicWord
  fzn_chain_hop.object                   offset=AbsoluteStatic(0x01) size=Fixed(1) align=Aligned(1) repr=MemoryIdentical atomic=AtomicWord
  fzn_chain_hop.grantor                  offset=AbsoluteStatic(0x02) size=Fixed(32) align=Aligned(2) repr=MemoryIdentical atomic=NonAtomic
  fzn_chain_hop.grantee                  offset=AbsoluteStatic(0x22) size=Fixed(32) align=Aligned(2) repr=MemoryIdentical atomic=NonAtomic
  fzn_chain_hop.capability               offset=AbsoluteStatic(0x42) size=Fixed(32) align=Aligned(2) repr=MemoryIdentical atomic=NonAtomic
  fzn_chain_hop.issued_at                offset=AbsoluteStatic(0x62) size=Fixed(8) align=Aligned(2) repr=ValueConverted atomic=NonAtomic
  fzn_chain_hop.expires_at               offset=AbsoluteStatic(0x6A) size=Fixed(8) align=Aligned(2) repr=ValueConverted atomic=NonAtomic
  fzn_chain_hop.delegable                offset=AbsoluteStatic(0x72) size=Fixed(1) align=Aligned(2) repr=MemoryIdentical atomic=AtomicWord
  fzn_chain_hop.signature                offset=AbsoluteStatic(0x73) size=Fixed(64) align=Aligned(1) repr=MemoryIdentical atomic=NonAtomic
