# situ capability map v1
# schema: root_act.situ
# core:   offset size align repr atomic
#
# Core axes are always shown. Any other axis appears only where it has
# been weakened below its strongest value.
#
# Offsets are byte values, or byte:bit where a field does not start on
# a byte boundary. Sizes are bytes unless suffixed with `bit`.
#
# A struct's size is a bare number where it is fixed, `min..max` where
# it is bounded, and `min..` where nothing bounds it.

struct fzn_quorum_set size=131 mutate=Immutable atomic=NonAtomic auth=Covered(signature)
  fzn_quorum_set.body                    offset=AbsoluteStatic(0x00) size=Fixed(67) align=Aligned(8) repr=MemoryIdentical atomic=NonAtomic auth=Covered(signature)
  fzn_quorum_set.version                 offset=AbsoluteStatic(0x00) size=Fixed(1) align=Aligned(8) repr=MemoryIdentical atomic=AtomicWord auth=Covered(signature)
  fzn_quorum_set.object                  offset=AbsoluteStatic(0x01) size=Fixed(1) align=Aligned(1) repr=MemoryIdentical atomic=AtomicWord auth=Covered(signature)
  fzn_quorum_set.setter                  offset=AbsoluteStatic(0x02) size=Fixed(32) align=Aligned(2) repr=MemoryIdentical atomic=NonAtomic auth=Covered(signature)
  fzn_quorum_set.replaces                offset=AbsoluteStatic(0x22) size=Fixed(32) align=Aligned(2) repr=MemoryIdentical atomic=NonAtomic auth=Covered(signature)
  fzn_quorum_set.k                       offset=AbsoluteStatic(0x42) size=Fixed(1) align=Aligned(2) repr=MemoryIdentical atomic=AtomicWord auth=Covered(signature)
  fzn_quorum_set.signature               offset=AbsoluteStatic(0x43) size=Fixed(64) align=Aligned(1) repr=MemoryIdentical atomic=NonAtomic mutate=Immutable

struct fzn_retention_set size=258 mutate=Immutable atomic=NonAtomic auth=Covered(signature)
  fzn_retention_set.body                 offset=AbsoluteStatic(0x00) size=Fixed(194) align=Aligned(8) repr=MemoryIdentical atomic=NonAtomic auth=Covered(signature)
  fzn_retention_set.version              offset=AbsoluteStatic(0x00) size=Fixed(1) align=Aligned(8) repr=MemoryIdentical atomic=AtomicWord auth=Covered(signature)
  fzn_retention_set.object               offset=AbsoluteStatic(0x01) size=Fixed(1) align=Aligned(1) repr=MemoryIdentical atomic=AtomicWord auth=Covered(signature)
  fzn_retention_set.setter               offset=AbsoluteStatic(0x02) size=Fixed(32) align=Aligned(2) repr=MemoryIdentical atomic=NonAtomic auth=Covered(signature)
  fzn_retention_set.replaces             offset=AbsoluteStatic(0x22) size=Fixed(32) align=Aligned(2) repr=MemoryIdentical atomic=NonAtomic auth=Covered(signature)
  fzn_retention_set.text                 offset=AbsoluteStatic(0x42) size=Fixed(128) align=Aligned(2) repr=MemoryIdentical atomic=NonAtomic auth=Covered(signature)
  fzn_retention_set.signature            offset=AbsoluteStatic(0xC2) size=Fixed(64) align=Aligned(2) repr=MemoryIdentical atomic=NonAtomic mutate=Immutable

struct fzn_root_add size=130 mutate=Immutable atomic=NonAtomic auth=Covered(signature)
  fzn_root_add.body                      offset=AbsoluteStatic(0x00) size=Fixed(66) align=Aligned(8) repr=MemoryIdentical atomic=NonAtomic auth=Covered(signature)
  fzn_root_add.version                   offset=AbsoluteStatic(0x00) size=Fixed(1) align=Aligned(8) repr=MemoryIdentical atomic=AtomicWord auth=Covered(signature)
  fzn_root_add.object                    offset=AbsoluteStatic(0x01) size=Fixed(1) align=Aligned(1) repr=MemoryIdentical atomic=AtomicWord auth=Covered(signature)
  fzn_root_add.adder                     offset=AbsoluteStatic(0x02) size=Fixed(32) align=Aligned(2) repr=MemoryIdentical atomic=NonAtomic auth=Covered(signature)
  fzn_root_add.added                     offset=AbsoluteStatic(0x22) size=Fixed(32) align=Aligned(2) repr=MemoryIdentical atomic=NonAtomic auth=Covered(signature)
  fzn_root_add.signature                 offset=AbsoluteStatic(0x42) size=Fixed(64) align=Aligned(2) repr=MemoryIdentical atomic=NonAtomic mutate=Immutable

struct fzn_root_remove size=162 mutate=Immutable atomic=NonAtomic auth=Covered(signature)
  fzn_root_remove.body                   offset=AbsoluteStatic(0x00) size=Fixed(98) align=Aligned(8) repr=MemoryIdentical atomic=NonAtomic auth=Covered(signature)
  fzn_root_remove.version                offset=AbsoluteStatic(0x00) size=Fixed(1) align=Aligned(8) repr=MemoryIdentical atomic=AtomicWord auth=Covered(signature)
  fzn_root_remove.object                 offset=AbsoluteStatic(0x01) size=Fixed(1) align=Aligned(1) repr=MemoryIdentical atomic=AtomicWord auth=Covered(signature)
  fzn_root_remove.remover                offset=AbsoluteStatic(0x02) size=Fixed(32) align=Aligned(2) repr=MemoryIdentical atomic=NonAtomic auth=Covered(signature)
  fzn_root_remove.removed                offset=AbsoluteStatic(0x22) size=Fixed(32) align=Aligned(2) repr=MemoryIdentical atomic=NonAtomic auth=Covered(signature)
  fzn_root_remove.cut                    offset=AbsoluteStatic(0x42) size=Fixed(32) align=Aligned(2) repr=MemoryIdentical atomic=NonAtomic auth=Covered(signature)
  fzn_root_remove.signature              offset=AbsoluteStatic(0x62) size=Fixed(64) align=Aligned(2) repr=MemoryIdentical atomic=NonAtomic mutate=Immutable
