# situ capability map v1
# schema: tree.situ
# core:   offset size align repr atomic
#
# Core axes are always shown. Any other axis appears only where it has
# been weakened below its strongest value.
#
# Offsets are byte values, or byte:bit where a field does not start on
# a byte boundary. Sizes are bytes unless suffixed with `bit`.
#
# A struct's size is a bare number where it is fixed, `min..max` where
# it is bounded, and `min..` where nothing bounds it.

struct fzn_tree_node size=42.. mutate=Shifting repr=ValueConverted atomic=NonAtomic
  fzn_tree_node.parent                   offset=AbsoluteStatic(0x00) size=Fixed(32) align=Aligned(8) repr=MemoryIdentical atomic=NonAtomic
  fzn_tree_node.order                    offset=AbsoluteStatic(0x20) size=Fixed(8) align=Aligned(8) repr=ValueConverted atomic=AtomicWord
  fzn_tree_node.content_type             offset=AbsoluteStatic(0x28) size=Fixed(2) align=Aligned(8) repr=ValueConverted atomic=AtomicWord
  fzn_tree_node.content                  offset=AbsoluteStatic(0x2A) size=Unbounded align=Aligned(2) repr=MemoryIdentical atomic=AtomicWord mutate=Shifting
